Archive member included to satisfy reference by file (symbol)

c:/program files (x86)/atmel/studio/7.0/toolchain/avr8/avr8-gnu-toolchain/bin/../lib/gcc/avr/4.9.2/../../../../avr/lib/avr51\libm.a(addsf3.o)
                              acrobot_compiler_testing.o (__subsf3)
c:/program files (x86)/atmel/studio/7.0/toolchain/avr8/avr8-gnu-toolchain/bin/../lib/gcc/avr/4.9.2/../../../../avr/lib/avr51\libm.a(addsf3x.o)
                              c:/program files (x86)/atmel/studio/7.0/toolchain/avr8/avr8-gnu-toolchain/bin/../lib/gcc/avr/4.9.2/../../../../avr/lib/avr51\libm.a(addsf3.o) (__addsf3x)
c:/program files (x86)/atmel/studio/7.0/toolchain/avr8/avr8-gnu-toolchain/bin/../lib/gcc/avr/4.9.2/../../../../avr/lib/avr51\libm.a(cmpsf2.o)
                              acrobot_compiler_testing.o (__eqsf2)
c:/program files (x86)/atmel/studio/7.0/toolchain/avr8/avr8-gnu-toolchain/bin/../lib/gcc/avr/4.9.2/../../../../avr/lib/avr51\libm.a(divsf3.o)
                              acrobot_compiler_testing.o (__divsf3)
c:/program files (x86)/atmel/studio/7.0/toolchain/avr8/avr8-gnu-toolchain/bin/../lib/gcc/avr/4.9.2/../../../../avr/lib/avr51\libm.a(divsf3x.o)
                              c:/program files (x86)/atmel/studio/7.0/toolchain/avr8/avr8-gnu-toolchain/bin/../lib/gcc/avr/4.9.2/../../../../avr/lib/avr51\libm.a(divsf3.o) (__divsf3x)
c:/program files (x86)/atmel/studio/7.0/toolchain/avr8/avr8-gnu-toolchain/bin/../lib/gcc/avr/4.9.2/../../../../avr/lib/avr51\libm.a(fixsfsi.o)
                              acrobot_compiler_testing.o (__fixsfsi)
c:/program files (x86)/atmel/studio/7.0/toolchain/avr8/avr8-gnu-toolchain/bin/../lib/gcc/avr/4.9.2/../../../../avr/lib/avr51\libm.a(fixunssfsi.o)
                              c:/program files (x86)/atmel/studio/7.0/toolchain/avr8/avr8-gnu-toolchain/bin/../lib/gcc/avr/4.9.2/../../../../avr/lib/avr51\libm.a(fixsfsi.o) (__fixunssfsi)
c:/program files (x86)/atmel/studio/7.0/toolchain/avr8/avr8-gnu-toolchain/bin/../lib/gcc/avr/4.9.2/../../../../avr/lib/avr51\libm.a(floatdisf.o)
                              acrobot_compiler_testing.o (__floatdisf)
c:/program files (x86)/atmel/studio/7.0/toolchain/avr8/avr8-gnu-toolchain/bin/../lib/gcc/avr/4.9.2/../../../../avr/lib/avr51\libm.a(floatsisf.o)
                              PID_v1.o (__floatunsisf)
c:/program files (x86)/atmel/studio/7.0/toolchain/avr8/avr8-gnu-toolchain/bin/../lib/gcc/avr/4.9.2/../../../../avr/lib/avr51\libm.a(floatundisf.o)
                              c:/program files (x86)/atmel/studio/7.0/toolchain/avr8/avr8-gnu-toolchain/bin/../lib/gcc/avr/4.9.2/../../../../avr/lib/avr51\libm.a(floatdisf.o) (__fp_di2sf)
c:/program files (x86)/atmel/studio/7.0/toolchain/avr8/avr8-gnu-toolchain/bin/../lib/gcc/avr/4.9.2/../../../../avr/lib/avr51\libm.a(fp_cmp.o)
                              c:/program files (x86)/atmel/studio/7.0/toolchain/avr8/avr8-gnu-toolchain/bin/../lib/gcc/avr/4.9.2/../../../../avr/lib/avr51\libm.a(cmpsf2.o) (__fp_cmp)
c:/program files (x86)/atmel/studio/7.0/toolchain/avr8/avr8-gnu-toolchain/bin/../lib/gcc/avr/4.9.2/../../../../avr/lib/avr51\libm.a(fp_inf.o)
                              c:/program files (x86)/atmel/studio/7.0/toolchain/avr8/avr8-gnu-toolchain/bin/../lib/gcc/avr/4.9.2/../../../../avr/lib/avr51\libm.a(addsf3x.o) (__fp_inf)
c:/program files (x86)/atmel/studio/7.0/toolchain/avr8/avr8-gnu-toolchain/bin/../lib/gcc/avr/4.9.2/../../../../avr/lib/avr51\libm.a(fp_nan.o)
                              c:/program files (x86)/atmel/studio/7.0/toolchain/avr8/avr8-gnu-toolchain/bin/../lib/gcc/avr/4.9.2/../../../../avr/lib/avr51\libm.a(addsf3x.o) (__fp_nan)
c:/program files (x86)/atmel/studio/7.0/toolchain/avr8/avr8-gnu-toolchain/bin/../lib/gcc/avr/4.9.2/../../../../avr/lib/avr51\libm.a(fp_negdi.o)
                              c:/program files (x86)/atmel/studio/7.0/toolchain/avr8/avr8-gnu-toolchain/bin/../lib/gcc/avr/4.9.2/../../../../avr/lib/avr51\libm.a(floatdisf.o) (__fp_negdi)
c:/program files (x86)/atmel/studio/7.0/toolchain/avr8/avr8-gnu-toolchain/bin/../lib/gcc/avr/4.9.2/../../../../avr/lib/avr51\libm.a(fp_pscA.o)
                              c:/program files (x86)/atmel/studio/7.0/toolchain/avr8/avr8-gnu-toolchain/bin/../lib/gcc/avr/4.9.2/../../../../avr/lib/avr51\libm.a(addsf3x.o) (__fp_pscA)
c:/program files (x86)/atmel/studio/7.0/toolchain/avr8/avr8-gnu-toolchain/bin/../lib/gcc/avr/4.9.2/../../../../avr/lib/avr51\libm.a(fp_pscB.o)
                              c:/program files (x86)/atmel/studio/7.0/toolchain/avr8/avr8-gnu-toolchain/bin/../lib/gcc/avr/4.9.2/../../../../avr/lib/avr51\libm.a(addsf3x.o) (__fp_pscB)
c:/program files (x86)/atmel/studio/7.0/toolchain/avr8/avr8-gnu-toolchain/bin/../lib/gcc/avr/4.9.2/../../../../avr/lib/avr51\libm.a(fp_round.o)
                              c:/program files (x86)/atmel/studio/7.0/toolchain/avr8/avr8-gnu-toolchain/bin/../lib/gcc/avr/4.9.2/../../../../avr/lib/avr51\libm.a(addsf3.o) (__fp_round)
c:/program files (x86)/atmel/studio/7.0/toolchain/avr8/avr8-gnu-toolchain/bin/../lib/gcc/avr/4.9.2/../../../../avr/lib/avr51\libm.a(fp_split3.o)
                              c:/program files (x86)/atmel/studio/7.0/toolchain/avr8/avr8-gnu-toolchain/bin/../lib/gcc/avr/4.9.2/../../../../avr/lib/avr51\libm.a(addsf3x.o) (__fp_split3)
c:/program files (x86)/atmel/studio/7.0/toolchain/avr8/avr8-gnu-toolchain/bin/../lib/gcc/avr/4.9.2/../../../../avr/lib/avr51\libm.a(fp_zero.o)
                              c:/program files (x86)/atmel/studio/7.0/toolchain/avr8/avr8-gnu-toolchain/bin/../lib/gcc/avr/4.9.2/../../../../avr/lib/avr51\libm.a(addsf3x.o) (__fp_zero)
c:/program files (x86)/atmel/studio/7.0/toolchain/avr8/avr8-gnu-toolchain/bin/../lib/gcc/avr/4.9.2/../../../../avr/lib/avr51\libm.a(gesf2.o)
                              PID_v1.o (__gesf2)
c:/program files (x86)/atmel/studio/7.0/toolchain/avr8/avr8-gnu-toolchain/bin/../lib/gcc/avr/4.9.2/../../../../avr/lib/avr51\libm.a(mulsf3.o)
                              acrobot_compiler_testing.o (__mulsf3)
c:/program files (x86)/atmel/studio/7.0/toolchain/avr8/avr8-gnu-toolchain/bin/../lib/gcc/avr/4.9.2/../../../../avr/lib/avr51\libm.a(mulsf3x.o)
                              c:/program files (x86)/atmel/studio/7.0/toolchain/avr8/avr8-gnu-toolchain/bin/../lib/gcc/avr/4.9.2/../../../../avr/lib/avr51\libm.a(mulsf3.o) (__mulsf3x)
c:/program files (x86)/atmel/studio/7.0/toolchain/avr8/avr8-gnu-toolchain/bin/../lib/gcc/avr/4.9.2/../../../../avr/lib/avr51\libprintf_flt.a(vfprintf_flt.o)
                              (vfprintf)
c:/program files (x86)/atmel/studio/7.0/toolchain/avr8/avr8-gnu-toolchain/bin/../lib/gcc/avr/4.9.2/avr51\libgcc.a(_exit.o)
                              C:/Program Files (x86)/Atmel/Studio/7.0/Packs/atmel/ATmega_DFP/1.0.106/gcc/dev/atmega128/avr51/crtatmega128.o (exit)
c:/program files (x86)/atmel/studio/7.0/toolchain/avr8/avr8-gnu-toolchain/bin/../lib/gcc/avr/4.9.2/avr51\libgcc.a(_copy_data.o)
                              acrobot_compiler_testing.o (__do_copy_data)
c:/program files (x86)/atmel/studio/7.0/toolchain/avr8/avr8-gnu-toolchain/bin/../lib/gcc/avr/4.9.2/avr51\libgcc.a(_clear_bss.o)
                              acrobot_compiler_testing.o (__do_clear_bss)
c:/program files (x86)/atmel/studio/7.0/toolchain/avr8/avr8-gnu-toolchain/bin/../lib/gcc/avr/4.9.2/avr51\libgcc.a(_adddi3.o)
                              acrobot_compiler_testing.o (__adddi3)
c:/program files (x86)/atmel/studio/7.0/toolchain/avr8/avr8-gnu-toolchain/bin/../lib/gcc/avr/4.9.2/../../../../avr/lib/avr51\libc.a(ftoa_engine.o)
                              c:/program files (x86)/atmel/studio/7.0/toolchain/avr8/avr8-gnu-toolchain/bin/../lib/gcc/avr/4.9.2/../../../../avr/lib/avr51\libprintf_flt.a(vfprintf_flt.o) (__ftoa_engine)
c:/program files (x86)/atmel/studio/7.0/toolchain/avr8/avr8-gnu-toolchain/bin/../lib/gcc/avr/4.9.2/../../../../avr/lib/avr51\libc.a(strnlen_P.o)
                              c:/program files (x86)/atmel/studio/7.0/toolchain/avr8/avr8-gnu-toolchain/bin/../lib/gcc/avr/4.9.2/../../../../avr/lib/avr51\libprintf_flt.a(vfprintf_flt.o) (strnlen_P)
c:/program files (x86)/atmel/studio/7.0/toolchain/avr8/avr8-gnu-toolchain/bin/../lib/gcc/avr/4.9.2/../../../../avr/lib/avr51\libc.a(strnlen.o)
                              c:/program files (x86)/atmel/studio/7.0/toolchain/avr8/avr8-gnu-toolchain/bin/../lib/gcc/avr/4.9.2/../../../../avr/lib/avr51\libprintf_flt.a(vfprintf_flt.o) (strnlen)
c:/program files (x86)/atmel/studio/7.0/toolchain/avr8/avr8-gnu-toolchain/bin/../lib/gcc/avr/4.9.2/../../../../avr/lib/avr51\libc.a(fputc.o)
                              c:/program files (x86)/atmel/studio/7.0/toolchain/avr8/avr8-gnu-toolchain/bin/../lib/gcc/avr/4.9.2/../../../../avr/lib/avr51\libprintf_flt.a(vfprintf_flt.o) (fputc)
c:/program files (x86)/atmel/studio/7.0/toolchain/avr8/avr8-gnu-toolchain/bin/../lib/gcc/avr/4.9.2/../../../../avr/lib/avr51\libc.a(iob.o)
                              acrobot_compiler_testing.o (__iob)
c:/program files (x86)/atmel/studio/7.0/toolchain/avr8/avr8-gnu-toolchain/bin/../lib/gcc/avr/4.9.2/../../../../avr/lib/avr51\libc.a(printf.o)
                              acrobot_compiler_testing.o (printf)
c:/program files (x86)/atmel/studio/7.0/toolchain/avr8/avr8-gnu-toolchain/bin/../lib/gcc/avr/4.9.2/../../../../avr/lib/avr51\libc.a(puts.o)
                              acrobot_compiler_testing.o (puts)
c:/program files (x86)/atmel/studio/7.0/toolchain/avr8/avr8-gnu-toolchain/bin/../lib/gcc/avr/4.9.2/../../../../avr/lib/avr51\libc.a(ultoa_invert.o)
                              c:/program files (x86)/atmel/studio/7.0/toolchain/avr8/avr8-gnu-toolchain/bin/../lib/gcc/avr/4.9.2/../../../../avr/lib/avr51\libprintf_flt.a(vfprintf_flt.o) (__ultoa_invert)

Allocating common symbols
Common symbol       size              file

rxbuf               0x8               acrobot_compiler_testing.o
kd                  0x4               acrobot_compiler_testing.o
outMax              0x4               acrobot_compiler_testing.o
outMin              0x4               acrobot_compiler_testing.o
printable           0x1               acrobot_compiler_testing.o
cmdHigh             0x1               acrobot_compiler_testing.o
PTerm               0x4               acrobot_compiler_testing.o
rxbuf0              0x8               acrobot_compiler_testing.o
cmdLow              0x1               acrobot_compiler_testing.o
dInput              0x4               acrobot_compiler_testing.o
lastInput           0x4               acrobot_compiler_testing.o
buffer              0xe               mpu6050/mpu6050.o
myInput             0x4               acrobot_compiler_testing.o
controllerDirection
                    0x2               acrobot_compiler_testing.o
up_target           0x2               acrobot_compiler_testing.o
mySetpoint          0x4               acrobot_compiler_testing.o
ki                  0x4               acrobot_compiler_testing.o
lo_target           0x2               acrobot_compiler_testing.o
lastTime            0x4               acrobot_compiler_testing.o
dispKi              0x4               acrobot_compiler_testing.o
myOutput            0x4               acrobot_compiler_testing.o
ITerm               0x4               acrobot_compiler_testing.o
dispKp              0x4               acrobot_compiler_testing.o
__iob               0x6               c:/program files (x86)/atmel/studio/7.0/toolchain/avr8/avr8-gnu-toolchain/bin/../lib/gcc/avr/4.9.2/../../../../avr/lib/avr51\libc.a(iob.o)
kp                  0x4               acrobot_compiler_testing.o
inAuto              0x1               acrobot_compiler_testing.o
SampleTime          0x4               acrobot_compiler_testing.o
dispKd              0x4               acrobot_compiler_testing.o

Discarded input sections

 .data          0x00000000        0x0 C:/Program Files (x86)/Atmel/Studio/7.0/Packs/atmel/ATmega_DFP/1.0.106/gcc/dev/atmega128/avr51/crtatmega128.o
 .bss           0x00000000        0x0 C:/Program Files (x86)/Atmel/Studio/7.0/Packs/atmel/ATmega_DFP/1.0.106/gcc/dev/atmega128/avr51/crtatmega128.o
 .group         0x00000000        0x8 acrobot_compiler_testing.o
 .group         0x00000000        0x8 acrobot_compiler_testing.o
 .group         0x00000000        0x8 acrobot_compiler_testing.o
 .group         0x00000000        0x8 acrobot_compiler_testing.o
 .group         0x00000000        0x8 acrobot_compiler_testing.o
 .group         0x00000000        0x8 acrobot_compiler_testing.o
 .group         0x00000000        0x8 acrobot_compiler_testing.o
 .group         0x00000000        0x8 acrobot_compiler_testing.o
 .group         0x00000000        0x8 acrobot_compiler_testing.o
 .group         0x00000000        0x8 acrobot_compiler_testing.o
 .group         0x00000000        0x8 acrobot_compiler_testing.o
 .group         0x00000000        0x8 acrobot_compiler_testing.o
 .group         0x00000000        0x8 acrobot_compiler_testing.o
 .group         0x00000000        0x8 acrobot_compiler_testing.o
 .group         0x00000000        0x8 acrobot_compiler_testing.o
 .group         0x00000000        0x8 acrobot_compiler_testing.o
 .group         0x00000000        0x8 acrobot_compiler_testing.o
 .group         0x00000000        0x8 acrobot_compiler_testing.o
 .group         0x00000000        0x8 acrobot_compiler_testing.o
 .group         0x00000000        0x8 acrobot_compiler_testing.o
 .group         0x00000000        0x8 acrobot_compiler_testing.o
 .group         0x00000000        0x8 acrobot_compiler_testing.o
 .group         0x00000000        0x8 acrobot_compiler_testing.o
 .group         0x00000000        0x8 acrobot_compiler_testing.o
 .group         0x00000000        0x8 acrobot_compiler_testing.o
 .group         0x00000000        0x8 acrobot_compiler_testing.o
 .group         0x00000000        0x8 acrobot_compiler_testing.o
 .text          0x00000000        0x0 acrobot_compiler_testing.o
 .data          0x00000000        0x0 acrobot_compiler_testing.o
 .bss           0x00000000        0x0 acrobot_compiler_testing.o
 .text.uart_putstr
                0x00000000       0x1e acrobot_compiler_testing.o
 .text.uart_putdata
                0x00000000       0x2a acrobot_compiler_testing.o
 .text.uart_putstr0
                0x00000000       0x1e acrobot_compiler_testing.o
 .text.debug_print
                0x00000000        0x6 acrobot_compiler_testing.o
 .text.uart_putdata0
                0x00000000       0x2a acrobot_compiler_testing.o
 .text.uart_getchar0
                0x00000000       0x1a acrobot_compiler_testing.o
 .text.uart_hasNext0
                0x00000000       0x12 acrobot_compiler_testing.o
 .text.SEND160  0x00000000       0x14 acrobot_compiler_testing.o
 .bss.gzds      0x00000000        0x4 acrobot_compiler_testing.o
 .bss.gyds      0x00000000        0x4 acrobot_compiler_testing.o
 .bss.gxds      0x00000000        0x4 acrobot_compiler_testing.o
 .bss.azg       0x00000000        0x4 acrobot_compiler_testing.o
 .bss.ayg       0x00000000        0x4 acrobot_compiler_testing.o
 .bss.axg       0x00000000        0x4 acrobot_compiler_testing.o
 .data.lastPower
                0x00000000        0x1 acrobot_compiler_testing.o
 .group         0x00000000        0x8 PID_v1.o
 .group         0x00000000        0x8 PID_v1.o
 .group         0x00000000        0x8 PID_v1.o
 .group         0x00000000        0x8 PID_v1.o
 .group         0x00000000        0x8 PID_v1.o
 .group         0x00000000        0x8 PID_v1.o
 .group         0x00000000        0x8 PID_v1.o
 .group         0x00000000        0x8 PID_v1.o
 .group         0x00000000        0x8 PID_v1.o
 .group         0x00000000        0x8 PID_v1.o
 .group         0x00000000        0x8 PID_v1.o
 .group         0x00000000        0x8 PID_v1.o
 .group         0x00000000        0x8 PID_v1.o
 .group         0x00000000        0x8 PID_v1.o
 .group         0x00000000        0x8 PID_v1.o
 .group         0x00000000        0x8 PID_v1.o
 .group         0x00000000        0x8 PID_v1.o
 .group         0x00000000        0x8 PID_v1.o
 .group         0x00000000        0x8 PID_v1.o
 .group         0x00000000        0x8 PID_v1.o
 .group         0x00000000        0x8 PID_v1.o
 .text          0x00000000        0x0 PID_v1.o
 .data          0x00000000        0x0 PID_v1.o
 .bss           0x00000000        0x0 PID_v1.o
 .text.PID_Compute
                0x00000000      0x340 PID_v1.o
 .text.PID_SetSampleTime
                0x00000000        0x2 PID_v1.o
 .text.PID_SetOutputLimits
                0x00000000       0x52 PID_v1.o
 .text.PID_Initialize
                0x00000000       0x98 PID_v1.o
 .text.PID_SetMode
                0x00000000       0x22 PID_v1.o
 .text.PID_GetKp
                0x00000000       0x12 PID_v1.o
 .text.PID_GetKi
                0x00000000       0x12 PID_v1.o
 .text.PID_GetKd
                0x00000000       0x12 PID_v1.o
 .text.PID_GetMode
                0x00000000        0x8 PID_v1.o
 .text.PID_GetDirection
                0x00000000        0xa PID_v1.o
 .debug_macro   0x00000000      0xa66 PID_v1.o
 .debug_macro   0x00000000       0x10 PID_v1.o
 .debug_macro   0x00000000      0x1c9 PID_v1.o
 .debug_macro   0x00000000       0x22 PID_v1.o
 .debug_macro   0x00000000       0x10 PID_v1.o
 .debug_macro   0x00000000      0x302 PID_v1.o
 .debug_macro   0x00000000       0x9e PID_v1.o
 .debug_macro   0x00000000     0x14c5 PID_v1.o
 .debug_macro   0x00000000      0x203 PID_v1.o
 .debug_macro   0x00000000       0xcb PID_v1.o
 .debug_macro   0x00000000       0x34 PID_v1.o
 .debug_macro   0x00000000       0x18 PID_v1.o
 .debug_macro   0x00000000       0x6c PID_v1.o
 .debug_macro   0x00000000       0x1c PID_v1.o
 .debug_macro   0x00000000      0x10e PID_v1.o
 .debug_macro   0x00000000       0x66 PID_v1.o
 .debug_macro   0x00000000       0x58 PID_v1.o
 .debug_macro   0x00000000       0x10 PID_v1.o
 .debug_macro   0x00000000       0x20 PID_v1.o
 .debug_macro   0x00000000       0xf2 PID_v1.o
 .debug_macro   0x00000000       0x1c PID_v1.o
 .group         0x00000000        0x8 i2chw/twimastertimeout.o
 .group         0x00000000        0x8 i2chw/twimastertimeout.o
 .group         0x00000000        0x8 i2chw/twimastertimeout.o
 .group         0x00000000        0x8 i2chw/twimastertimeout.o
 .group         0x00000000        0x8 i2chw/twimastertimeout.o
 .group         0x00000000        0x8 i2chw/twimastertimeout.o
 .group         0x00000000        0x8 i2chw/twimastertimeout.o
 .group         0x00000000        0x8 i2chw/twimastertimeout.o
 .group         0x00000000        0x8 i2chw/twimastertimeout.o
 .group         0x00000000        0x8 i2chw/twimastertimeout.o
 .group         0x00000000        0x8 i2chw/twimastertimeout.o
 .group         0x00000000        0x8 i2chw/twimastertimeout.o
 .text          0x00000000        0x0 i2chw/twimastertimeout.o
 .data          0x00000000        0x0 i2chw/twimastertimeout.o
 .bss           0x00000000        0x0 i2chw/twimastertimeout.o
 .text.i2c_start_wait
                0x00000000       0x88 i2chw/twimastertimeout.o
 .text.i2c_rep_start
                0x00000000        0x6 i2chw/twimastertimeout.o
 .debug_macro   0x00000000      0xa66 i2chw/twimastertimeout.o
 .debug_macro   0x00000000      0x1c9 i2chw/twimastertimeout.o
 .debug_macro   0x00000000     0x14c5 i2chw/twimastertimeout.o
 .debug_macro   0x00000000      0x203 i2chw/twimastertimeout.o
 .debug_macro   0x00000000       0xcb i2chw/twimastertimeout.o
 .debug_macro   0x00000000       0x34 i2chw/twimastertimeout.o
 .debug_macro   0x00000000       0x18 i2chw/twimastertimeout.o
 .debug_macro   0x00000000       0x6c i2chw/twimastertimeout.o
 .group         0x00000000        0x8 mpu6050/mpu6050.o
 .group         0x00000000        0x8 mpu6050/mpu6050.o
 .group         0x00000000        0x8 mpu6050/mpu6050.o
 .group         0x00000000        0x8 mpu6050/mpu6050.o
 .group         0x00000000        0x8 mpu6050/mpu6050.o
 .group         0x00000000        0x8 mpu6050/mpu6050.o
 .group         0x00000000        0x8 mpu6050/mpu6050.o
 .group         0x00000000        0x8 mpu6050/mpu6050.o
 .group         0x00000000        0x8 mpu6050/mpu6050.o
 .group         0x00000000        0x8 mpu6050/mpu6050.o
 .group         0x00000000        0x8 mpu6050/mpu6050.o
 .group         0x00000000        0x8 mpu6050/mpu6050.o
 .group         0x00000000        0x8 mpu6050/mpu6050.o
 .group         0x00000000        0x8 mpu6050/mpu6050.o
 .group         0x00000000        0x8 mpu6050/mpu6050.o
 .group         0x00000000        0x8 mpu6050/mpu6050.o
 .group         0x00000000        0x8 mpu6050/mpu6050.o
 .group         0x00000000        0x8 mpu6050/mpu6050.o
 .group         0x00000000        0x8 mpu6050/mpu6050.o
 .group         0x00000000        0x8 mpu6050/mpu6050.o
 .group         0x00000000        0x8 mpu6050/mpu6050.o
 .group         0x00000000        0x8 mpu6050/mpu6050.o
 .group         0x00000000        0x8 mpu6050/mpu6050.o
 .group         0x00000000        0x8 mpu6050/mpu6050.o
 .group         0x00000000        0x8 mpu6050/mpu6050.o
 .text          0x00000000        0x0 mpu6050/mpu6050.o
 .data          0x00000000        0x0 mpu6050/mpu6050.o
 .bss           0x00000000        0x0 mpu6050/mpu6050.o
 .text.mpu6050_readBits
                0x00000000       0x7c mpu6050/mpu6050.o
 .text.mpu6050_readBit
                0x00000000       0x42 mpu6050/mpu6050.o
 .text.mpu6050_setSleepEnabled
                0x00000000        0xc mpu6050/mpu6050.o
 .text.mpu6050_testConnection
                0x00000000       0x1c mpu6050/mpu6050.o
 .text.mpu6050_getConvData
                0x00000000      0x19e mpu6050/mpu6050.o
 .debug_macro   0x00000000      0xa66 mpu6050/mpu6050.o
 .debug_macro   0x00000000       0x1c mpu6050/mpu6050.o
 .debug_macro   0x00000000      0x10e mpu6050/mpu6050.o
 .debug_macro   0x00000000       0x66 mpu6050/mpu6050.o
 .debug_macro   0x00000000       0x20 mpu6050/mpu6050.o
 .debug_macro   0x00000000       0x10 mpu6050/mpu6050.o
 .debug_macro   0x00000000      0x1c9 mpu6050/mpu6050.o
 .debug_macro   0x00000000      0x2fc mpu6050/mpu6050.o
 .debug_macro   0x00000000       0x9e mpu6050/mpu6050.o
 .debug_macro   0x00000000     0x14c5 mpu6050/mpu6050.o
 .debug_macro   0x00000000      0x203 mpu6050/mpu6050.o
 .debug_macro   0x00000000       0xcb mpu6050/mpu6050.o
 .debug_macro   0x00000000       0x34 mpu6050/mpu6050.o
 .debug_macro   0x00000000       0x18 mpu6050/mpu6050.o
 .debug_macro   0x00000000       0x6c mpu6050/mpu6050.o
 .debug_macro   0x00000000       0x69 mpu6050/mpu6050.o
 .debug_macro   0x00000000       0x16 mpu6050/mpu6050.o
 .debug_macro   0x00000000      0x160 mpu6050/mpu6050.o
 .debug_macro   0x00000000      0x81a mpu6050/mpu6050.o
 .debug_macro   0x00000000       0xb2 mpu6050/mpu6050.o
 .debug_macro   0x00000000       0x1d mpu6050/mpu6050.o
 .group         0x00000000        0x8 mpu6050/mpu6050dmp6.o
 .group         0x00000000        0x8 mpu6050/mpu6050dmp6.o
 .group         0x00000000        0x8 mpu6050/mpu6050dmp6.o
 .group         0x00000000        0x8 mpu6050/mpu6050dmp6.o
 .group         0x00000000        0x8 mpu6050/mpu6050dmp6.o
 .group         0x00000000        0x8 mpu6050/mpu6050dmp6.o
 .group         0x00000000        0x8 mpu6050/mpu6050dmp6.o
 .group         0x00000000        0x8 mpu6050/mpu6050dmp6.o
 .group         0x00000000        0x8 mpu6050/mpu6050dmp6.o
 .group         0x00000000        0x8 mpu6050/mpu6050dmp6.o
 .group         0x00000000        0x8 mpu6050/mpu6050dmp6.o
 .group         0x00000000        0x8 mpu6050/mpu6050dmp6.o
 .group         0x00000000        0x8 mpu6050/mpu6050dmp6.o
 .text          0x00000000        0x0 mpu6050/mpu6050dmp6.o
 .data          0x00000000        0x0 mpu6050/mpu6050dmp6.o
 .bss           0x00000000        0x0 mpu6050/mpu6050dmp6.o
 .debug_info    0x00000000       0x5a mpu6050/mpu6050dmp6.o
 .debug_abbrev  0x00000000       0x29 mpu6050/mpu6050dmp6.o
 .debug_aranges
                0x00000000       0x18 mpu6050/mpu6050dmp6.o
 .debug_macro   0x00000000       0x9f mpu6050/mpu6050dmp6.o
 .debug_macro   0x00000000      0xa66 mpu6050/mpu6050dmp6.o
 .debug_macro   0x00000000       0x10 mpu6050/mpu6050dmp6.o
 .debug_macro   0x00000000      0x1c9 mpu6050/mpu6050dmp6.o
 .debug_macro   0x00000000      0x2fc mpu6050/mpu6050dmp6.o
 .debug_macro   0x00000000       0x9e mpu6050/mpu6050dmp6.o
 .debug_macro   0x00000000     0x14c5 mpu6050/mpu6050dmp6.o
 .debug_macro   0x00000000      0x203 mpu6050/mpu6050dmp6.o
 .debug_macro   0x00000000       0xcb mpu6050/mpu6050dmp6.o
 .debug_macro   0x00000000       0x34 mpu6050/mpu6050dmp6.o
 .debug_macro   0x00000000       0x18 mpu6050/mpu6050dmp6.o
 .debug_macro   0x00000000       0x6c mpu6050/mpu6050dmp6.o
 .debug_macro   0x00000000      0x81a mpu6050/mpu6050dmp6.o
 .debug_macro   0x00000000       0xb2 mpu6050/mpu6050dmp6.o
 .debug_line    0x00000000      0x243 mpu6050/mpu6050dmp6.o
 .debug_str     0x00000000     0x9311 mpu6050/mpu6050dmp6.o
 .comment       0x00000000       0x31 mpu6050/mpu6050dmp6.o
 .text          0x00000000        0x0 c:/program files (x86)/atmel/studio/7.0/toolchain/avr8/avr8-gnu-toolchain/bin/../lib/gcc/avr/4.9.2/../../../../avr/lib/avr51\libm.a(addsf3.o)
 .data          0x00000000        0x0 c:/program files (x86)/atmel/studio/7.0/toolchain/avr8/avr8-gnu-toolchain/bin/../lib/gcc/avr/4.9.2/../../../../avr/lib/avr51\libm.a(addsf3.o)
 .bss           0x00000000        0x0 c:/program files (x86)/atmel/studio/7.0/toolchain/avr8/avr8-gnu-toolchain/bin/../lib/gcc/avr/4.9.2/../../../../avr/lib/avr51\libm.a(addsf3.o)
 .text          0x00000000        0x0 c:/program files (x86)/atmel/studio/7.0/toolchain/avr8/avr8-gnu-toolchain/bin/../lib/gcc/avr/4.9.2/../../../../avr/lib/avr51\libm.a(addsf3x.o)
 .data          0x00000000        0x0 c:/program files (x86)/atmel/studio/7.0/toolchain/avr8/avr8-gnu-toolchain/bin/../lib/gcc/avr/4.9.2/../../../../avr/lib/avr51\libm.a(addsf3x.o)
 .bss           0x00000000        0x0 c:/program files (x86)/atmel/studio/7.0/toolchain/avr8/avr8-gnu-toolchain/bin/../lib/gcc/avr/4.9.2/../../../../avr/lib/avr51\libm.a(addsf3x.o)
 .text          0x00000000        0x0 c:/program files (x86)/atmel/studio/7.0/toolchain/avr8/avr8-gnu-toolchain/bin/../lib/gcc/avr/4.9.2/../../../../avr/lib/avr51\libm.a(cmpsf2.o)
 .data          0x00000000        0x0 c:/program files (x86)/atmel/studio/7.0/toolchain/avr8/avr8-gnu-toolchain/bin/../lib/gcc/avr/4.9.2/../../../../avr/lib/avr51\libm.a(cmpsf2.o)
 .bss           0x00000000        0x0 c:/program files (x86)/atmel/studio/7.0/toolchain/avr8/avr8-gnu-toolchain/bin/../lib/gcc/avr/4.9.2/../../../../avr/lib/avr51\libm.a(cmpsf2.o)
 .text          0x00000000        0x0 c:/program files (x86)/atmel/studio/7.0/toolchain/avr8/avr8-gnu-toolchain/bin/../lib/gcc/avr/4.9.2/../../../../avr/lib/avr51\libm.a(divsf3.o)
 .data          0x00000000        0x0 c:/program files (x86)/atmel/studio/7.0/toolchain/avr8/avr8-gnu-toolchain/bin/../lib/gcc/avr/4.9.2/../../../../avr/lib/avr51\libm.a(divsf3.o)
 .bss           0x00000000        0x0 c:/program files (x86)/atmel/studio/7.0/toolchain/avr8/avr8-gnu-toolchain/bin/../lib/gcc/avr/4.9.2/../../../../avr/lib/avr51\libm.a(divsf3.o)
 .text          0x00000000        0x0 c:/program files (x86)/atmel/studio/7.0/toolchain/avr8/avr8-gnu-toolchain/bin/../lib/gcc/avr/4.9.2/../../../../avr/lib/avr51\libm.a(divsf3x.o)
 .data          0x00000000        0x0 c:/program files (x86)/atmel/studio/7.0/toolchain/avr8/avr8-gnu-toolchain/bin/../lib/gcc/avr/4.9.2/../../../../avr/lib/avr51\libm.a(divsf3x.o)
 .bss           0x00000000        0x0 c:/program files (x86)/atmel/studio/7.0/toolchain/avr8/avr8-gnu-toolchain/bin/../lib/gcc/avr/4.9.2/../../../../avr/lib/avr51\libm.a(divsf3x.o)
 .text          0x00000000        0x0 c:/program files (x86)/atmel/studio/7.0/toolchain/avr8/avr8-gnu-toolchain/bin/../lib/gcc/avr/4.9.2/../../../../avr/lib/avr51\libm.a(fixsfsi.o)
 .data          0x00000000        0x0 c:/program files (x86)/atmel/studio/7.0/toolchain/avr8/avr8-gnu-toolchain/bin/../lib/gcc/avr/4.9.2/../../../../avr/lib/avr51\libm.a(fixsfsi.o)
 .bss           0x00000000        0x0 c:/program files (x86)/atmel/studio/7.0/toolchain/avr8/avr8-gnu-toolchain/bin/../lib/gcc/avr/4.9.2/../../../../avr/lib/avr51\libm.a(fixsfsi.o)
 .text          0x00000000        0x0 c:/program files (x86)/atmel/studio/7.0/toolchain/avr8/avr8-gnu-toolchain/bin/../lib/gcc/avr/4.9.2/../../../../avr/lib/avr51\libm.a(fixunssfsi.o)
 .data          0x00000000        0x0 c:/program files (x86)/atmel/studio/7.0/toolchain/avr8/avr8-gnu-toolchain/bin/../lib/gcc/avr/4.9.2/../../../../avr/lib/avr51\libm.a(fixunssfsi.o)
 .bss           0x00000000        0x0 c:/program files (x86)/atmel/studio/7.0/toolchain/avr8/avr8-gnu-toolchain/bin/../lib/gcc/avr/4.9.2/../../../../avr/lib/avr51\libm.a(fixunssfsi.o)
 .text          0x00000000        0x0 c:/program files (x86)/atmel/studio/7.0/toolchain/avr8/avr8-gnu-toolchain/bin/../lib/gcc/avr/4.9.2/../../../../avr/lib/avr51\libm.a(floatdisf.o)
 .data          0x00000000        0x0 c:/program files (x86)/atmel/studio/7.0/toolchain/avr8/avr8-gnu-toolchain/bin/../lib/gcc/avr/4.9.2/../../../../avr/lib/avr51\libm.a(floatdisf.o)
 .bss           0x00000000        0x0 c:/program files (x86)/atmel/studio/7.0/toolchain/avr8/avr8-gnu-toolchain/bin/../lib/gcc/avr/4.9.2/../../../../avr/lib/avr51\libm.a(floatdisf.o)
 .text          0x00000000        0x0 c:/program files (x86)/atmel/studio/7.0/toolchain/avr8/avr8-gnu-toolchain/bin/../lib/gcc/avr/4.9.2/../../../../avr/lib/avr51\libm.a(floatsisf.o)
 .data          0x00000000        0x0 c:/program files (x86)/atmel/studio/7.0/toolchain/avr8/avr8-gnu-toolchain/bin/../lib/gcc/avr/4.9.2/../../../../avr/lib/avr51\libm.a(floatsisf.o)
 .bss           0x00000000        0x0 c:/program files (x86)/atmel/studio/7.0/toolchain/avr8/avr8-gnu-toolchain/bin/../lib/gcc/avr/4.9.2/../../../../avr/lib/avr51\libm.a(floatsisf.o)
 .text          0x00000000        0x0 c:/program files (x86)/atmel/studio/7.0/toolchain/avr8/avr8-gnu-toolchain/bin/../lib/gcc/avr/4.9.2/../../../../avr/lib/avr51\libm.a(floatundisf.o)
 .data          0x00000000        0x0 c:/program files (x86)/atmel/studio/7.0/toolchain/avr8/avr8-gnu-toolchain/bin/../lib/gcc/avr/4.9.2/../../../../avr/lib/avr51\libm.a(floatundisf.o)
 .bss           0x00000000        0x0 c:/program files (x86)/atmel/studio/7.0/toolchain/avr8/avr8-gnu-toolchain/bin/../lib/gcc/avr/4.9.2/../../../../avr/lib/avr51\libm.a(floatundisf.o)
 .text          0x00000000        0x0 c:/program files (x86)/atmel/studio/7.0/toolchain/avr8/avr8-gnu-toolchain/bin/../lib/gcc/avr/4.9.2/../../../../avr/lib/avr51\libm.a(fp_cmp.o)
 .data          0x00000000        0x0 c:/program files (x86)/atmel/studio/7.0/toolchain/avr8/avr8-gnu-toolchain/bin/../lib/gcc/avr/4.9.2/../../../../avr/lib/avr51\libm.a(fp_cmp.o)
 .bss           0x00000000        0x0 c:/program files (x86)/atmel/studio/7.0/toolchain/avr8/avr8-gnu-toolchain/bin/../lib/gcc/avr/4.9.2/../../../../avr/lib/avr51\libm.a(fp_cmp.o)
 .text          0x00000000        0x0 c:/program files (x86)/atmel/studio/7.0/toolchain/avr8/avr8-gnu-toolchain/bin/../lib/gcc/avr/4.9.2/../../../../avr/lib/avr51\libm.a(fp_inf.o)
 .data          0x00000000        0x0 c:/program files (x86)/atmel/studio/7.0/toolchain/avr8/avr8-gnu-toolchain/bin/../lib/gcc/avr/4.9.2/../../../../avr/lib/avr51\libm.a(fp_inf.o)
 .bss           0x00000000        0x0 c:/program files (x86)/atmel/studio/7.0/toolchain/avr8/avr8-gnu-toolchain/bin/../lib/gcc/avr/4.9.2/../../../../avr/lib/avr51\libm.a(fp_inf.o)
 .text          0x00000000        0x0 c:/program files (x86)/atmel/studio/7.0/toolchain/avr8/avr8-gnu-toolchain/bin/../lib/gcc/avr/4.9.2/../../../../avr/lib/avr51\libm.a(fp_nan.o)
 .data          0x00000000        0x0 c:/program files (x86)/atmel/studio/7.0/toolchain/avr8/avr8-gnu-toolchain/bin/../lib/gcc/avr/4.9.2/../../../../avr/lib/avr51\libm.a(fp_nan.o)
 .bss           0x00000000        0x0 c:/program files (x86)/atmel/studio/7.0/toolchain/avr8/avr8-gnu-toolchain/bin/../lib/gcc/avr/4.9.2/../../../../avr/lib/avr51\libm.a(fp_nan.o)
 .text          0x00000000        0x0 c:/program files (x86)/atmel/studio/7.0/toolchain/avr8/avr8-gnu-toolchain/bin/../lib/gcc/avr/4.9.2/../../../../avr/lib/avr51\libm.a(fp_negdi.o)
 .data          0x00000000        0x0 c:/program files (x86)/atmel/studio/7.0/toolchain/avr8/avr8-gnu-toolchain/bin/../lib/gcc/avr/4.9.2/../../../../avr/lib/avr51\libm.a(fp_negdi.o)
 .bss           0x00000000        0x0 c:/program files (x86)/atmel/studio/7.0/toolchain/avr8/avr8-gnu-toolchain/bin/../lib/gcc/avr/4.9.2/../../../../avr/lib/avr51\libm.a(fp_negdi.o)
 .text          0x00000000        0x0 c:/program files (x86)/atmel/studio/7.0/toolchain/avr8/avr8-gnu-toolchain/bin/../lib/gcc/avr/4.9.2/../../../../avr/lib/avr51\libm.a(fp_pscA.o)
 .data          0x00000000        0x0 c:/program files (x86)/atmel/studio/7.0/toolchain/avr8/avr8-gnu-toolchain/bin/../lib/gcc/avr/4.9.2/../../../../avr/lib/avr51\libm.a(fp_pscA.o)
 .bss           0x00000000        0x0 c:/program files (x86)/atmel/studio/7.0/toolchain/avr8/avr8-gnu-toolchain/bin/../lib/gcc/avr/4.9.2/../../../../avr/lib/avr51\libm.a(fp_pscA.o)
 .text          0x00000000        0x0 c:/program files (x86)/atmel/studio/7.0/toolchain/avr8/avr8-gnu-toolchain/bin/../lib/gcc/avr/4.9.2/../../../../avr/lib/avr51\libm.a(fp_pscB.o)
 .data          0x00000000        0x0 c:/program files (x86)/atmel/studio/7.0/toolchain/avr8/avr8-gnu-toolchain/bin/../lib/gcc/avr/4.9.2/../../../../avr/lib/avr51\libm.a(fp_pscB.o)
 .bss           0x00000000        0x0 c:/program files (x86)/atmel/studio/7.0/toolchain/avr8/avr8-gnu-toolchain/bin/../lib/gcc/avr/4.9.2/../../../../avr/lib/avr51\libm.a(fp_pscB.o)
 .text          0x00000000        0x0 c:/program files (x86)/atmel/studio/7.0/toolchain/avr8/avr8-gnu-toolchain/bin/../lib/gcc/avr/4.9.2/../../../../avr/lib/avr51\libm.a(fp_round.o)
 .data          0x00000000        0x0 c:/program files (x86)/atmel/studio/7.0/toolchain/avr8/avr8-gnu-toolchain/bin/../lib/gcc/avr/4.9.2/../../../../avr/lib/avr51\libm.a(fp_round.o)
 .bss           0x00000000        0x0 c:/program files (x86)/atmel/studio/7.0/toolchain/avr8/avr8-gnu-toolchain/bin/../lib/gcc/avr/4.9.2/../../../../avr/lib/avr51\libm.a(fp_round.o)
 .text          0x00000000        0x0 c:/program files (x86)/atmel/studio/7.0/toolchain/avr8/avr8-gnu-toolchain/bin/../lib/gcc/avr/4.9.2/../../../../avr/lib/avr51\libm.a(fp_split3.o)
 .data          0x00000000        0x0 c:/program files (x86)/atmel/studio/7.0/toolchain/avr8/avr8-gnu-toolchain/bin/../lib/gcc/avr/4.9.2/../../../../avr/lib/avr51\libm.a(fp_split3.o)
 .bss           0x00000000        0x0 c:/program files (x86)/atmel/studio/7.0/toolchain/avr8/avr8-gnu-toolchain/bin/../lib/gcc/avr/4.9.2/../../../../avr/lib/avr51\libm.a(fp_split3.o)
 .text          0x00000000        0x0 c:/program files (x86)/atmel/studio/7.0/toolchain/avr8/avr8-gnu-toolchain/bin/../lib/gcc/avr/4.9.2/../../../../avr/lib/avr51\libm.a(fp_zero.o)
 .data          0x00000000        0x0 c:/program files (x86)/atmel/studio/7.0/toolchain/avr8/avr8-gnu-toolchain/bin/../lib/gcc/avr/4.9.2/../../../../avr/lib/avr51\libm.a(fp_zero.o)
 .bss           0x00000000        0x0 c:/program files (x86)/atmel/studio/7.0/toolchain/avr8/avr8-gnu-toolchain/bin/../lib/gcc/avr/4.9.2/../../../../avr/lib/avr51\libm.a(fp_zero.o)
 .text          0x00000000        0x0 c:/program files (x86)/atmel/studio/7.0/toolchain/avr8/avr8-gnu-toolchain/bin/../lib/gcc/avr/4.9.2/../../../../avr/lib/avr51\libm.a(gesf2.o)
 .data          0x00000000        0x0 c:/program files (x86)/atmel/studio/7.0/toolchain/avr8/avr8-gnu-toolchain/bin/../lib/gcc/avr/4.9.2/../../../../avr/lib/avr51\libm.a(gesf2.o)
 .bss           0x00000000        0x0 c:/program files (x86)/atmel/studio/7.0/toolchain/avr8/avr8-gnu-toolchain/bin/../lib/gcc/avr/4.9.2/../../../../avr/lib/avr51\libm.a(gesf2.o)
 .text          0x00000000        0x0 c:/program files (x86)/atmel/studio/7.0/toolchain/avr8/avr8-gnu-toolchain/bin/../lib/gcc/avr/4.9.2/../../../../avr/lib/avr51\libm.a(mulsf3.o)
 .data          0x00000000        0x0 c:/program files (x86)/atmel/studio/7.0/toolchain/avr8/avr8-gnu-toolchain/bin/../lib/gcc/avr/4.9.2/../../../../avr/lib/avr51\libm.a(mulsf3.o)
 .bss           0x00000000        0x0 c:/program files (x86)/atmel/studio/7.0/toolchain/avr8/avr8-gnu-toolchain/bin/../lib/gcc/avr/4.9.2/../../../../avr/lib/avr51\libm.a(mulsf3.o)
 .text          0x00000000        0x0 c:/program files (x86)/atmel/studio/7.0/toolchain/avr8/avr8-gnu-toolchain/bin/../lib/gcc/avr/4.9.2/../../../../avr/lib/avr51\libm.a(mulsf3x.o)
 .data          0x00000000        0x0 c:/program files (x86)/atmel/studio/7.0/toolchain/avr8/avr8-gnu-toolchain/bin/../lib/gcc/avr/4.9.2/../../../../avr/lib/avr51\libm.a(mulsf3x.o)
 .bss           0x00000000        0x0 c:/program files (x86)/atmel/studio/7.0/toolchain/avr8/avr8-gnu-toolchain/bin/../lib/gcc/avr/4.9.2/../../../../avr/lib/avr51\libm.a(mulsf3x.o)
 .text          0x00000000        0x0 c:/program files (x86)/atmel/studio/7.0/toolchain/avr8/avr8-gnu-toolchain/bin/../lib/gcc/avr/4.9.2/../../../../avr/lib/avr51\libprintf_flt.a(vfprintf_flt.o)
 .data          0x00000000        0x0 c:/program files (x86)/atmel/studio/7.0/toolchain/avr8/avr8-gnu-toolchain/bin/../lib/gcc/avr/4.9.2/../../../../avr/lib/avr51\libprintf_flt.a(vfprintf_flt.o)
 .bss           0x00000000        0x0 c:/program files (x86)/atmel/studio/7.0/toolchain/avr8/avr8-gnu-toolchain/bin/../lib/gcc/avr/4.9.2/../../../../avr/lib/avr51\libprintf_flt.a(vfprintf_flt.o)
 .text          0x00000000        0x0 c:/program files (x86)/atmel/studio/7.0/toolchain/avr8/avr8-gnu-toolchain/bin/../lib/gcc/avr/4.9.2/avr51\libgcc.a(_exit.o)
 .data          0x00000000        0x0 c:/program files (x86)/atmel/studio/7.0/toolchain/avr8/avr8-gnu-toolchain/bin/../lib/gcc/avr/4.9.2/avr51\libgcc.a(_exit.o)
 .bss           0x00000000        0x0 c:/program files (x86)/atmel/studio/7.0/toolchain/avr8/avr8-gnu-toolchain/bin/../lib/gcc/avr/4.9.2/avr51\libgcc.a(_exit.o)
 .text.libgcc.mul
                0x00000000        0x0 c:/program files (x86)/atmel/studio/7.0/toolchain/avr8/avr8-gnu-toolchain/bin/../lib/gcc/avr/4.9.2/avr51\libgcc.a(_exit.o)
 .text.libgcc.div
                0x00000000        0x0 c:/program files (x86)/atmel/studio/7.0/toolchain/avr8/avr8-gnu-toolchain/bin/../lib/gcc/avr/4.9.2/avr51\libgcc.a(_exit.o)
 .text.libgcc   0x00000000        0x0 c:/program files (x86)/atmel/studio/7.0/toolchain/avr8/avr8-gnu-toolchain/bin/../lib/gcc/avr/4.9.2/avr51\libgcc.a(_exit.o)
 .text.libgcc.prologue
                0x00000000        0x0 c:/program files (x86)/atmel/studio/7.0/toolchain/avr8/avr8-gnu-toolchain/bin/../lib/gcc/avr/4.9.2/avr51\libgcc.a(_exit.o)
 .text.libgcc.builtins
                0x00000000        0x0 c:/program files (x86)/atmel/studio/7.0/toolchain/avr8/avr8-gnu-toolchain/bin/../lib/gcc/avr/4.9.2/avr51\libgcc.a(_exit.o)
 .text.libgcc.fmul
                0x00000000        0x0 c:/program files (x86)/atmel/studio/7.0/toolchain/avr8/avr8-gnu-toolchain/bin/../lib/gcc/avr/4.9.2/avr51\libgcc.a(_exit.o)
 .text.libgcc.fixed
                0x00000000        0x0 c:/program files (x86)/atmel/studio/7.0/toolchain/avr8/avr8-gnu-toolchain/bin/../lib/gcc/avr/4.9.2/avr51\libgcc.a(_exit.o)
 .text          0x00000000        0x0 c:/program files (x86)/atmel/studio/7.0/toolchain/avr8/avr8-gnu-toolchain/bin/../lib/gcc/avr/4.9.2/avr51\libgcc.a(_copy_data.o)
 .data          0x00000000        0x0 c:/program files (x86)/atmel/studio/7.0/toolchain/avr8/avr8-gnu-toolchain/bin/../lib/gcc/avr/4.9.2/avr51\libgcc.a(_copy_data.o)
 .bss           0x00000000        0x0 c:/program files (x86)/atmel/studio/7.0/toolchain/avr8/avr8-gnu-toolchain/bin/../lib/gcc/avr/4.9.2/avr51\libgcc.a(_copy_data.o)
 .text.libgcc.mul
                0x00000000        0x0 c:/program files (x86)/atmel/studio/7.0/toolchain/avr8/avr8-gnu-toolchain/bin/../lib/gcc/avr/4.9.2/avr51\libgcc.a(_copy_data.o)
 .text.libgcc.div
                0x00000000        0x0 c:/program files (x86)/atmel/studio/7.0/toolchain/avr8/avr8-gnu-toolchain/bin/../lib/gcc/avr/4.9.2/avr51\libgcc.a(_copy_data.o)
 .text.libgcc   0x00000000        0x0 c:/program files (x86)/atmel/studio/7.0/toolchain/avr8/avr8-gnu-toolchain/bin/../lib/gcc/avr/4.9.2/avr51\libgcc.a(_copy_data.o)
 .text.libgcc.prologue
                0x00000000        0x0 c:/program files (x86)/atmel/studio/7.0/toolchain/avr8/avr8-gnu-toolchain/bin/../lib/gcc/avr/4.9.2/avr51\libgcc.a(_copy_data.o)
 .text.libgcc.builtins
                0x00000000        0x0 c:/program files (x86)/atmel/studio/7.0/toolchain/avr8/avr8-gnu-toolchain/bin/../lib/gcc/avr/4.9.2/avr51\libgcc.a(_copy_data.o)
 .text.libgcc.fmul
                0x00000000        0x0 c:/program files (x86)/atmel/studio/7.0/toolchain/avr8/avr8-gnu-toolchain/bin/../lib/gcc/avr/4.9.2/avr51\libgcc.a(_copy_data.o)
 .text.libgcc.fixed
                0x00000000        0x0 c:/program files (x86)/atmel/studio/7.0/toolchain/avr8/avr8-gnu-toolchain/bin/../lib/gcc/avr/4.9.2/avr51\libgcc.a(_copy_data.o)
 .text          0x00000000        0x0 c:/program files (x86)/atmel/studio/7.0/toolchain/avr8/avr8-gnu-toolchain/bin/../lib/gcc/avr/4.9.2/avr51\libgcc.a(_clear_bss.o)
 .data          0x00000000        0x0 c:/program files (x86)/atmel/studio/7.0/toolchain/avr8/avr8-gnu-toolchain/bin/../lib/gcc/avr/4.9.2/avr51\libgcc.a(_clear_bss.o)
 .bss           0x00000000        0x0 c:/program files (x86)/atmel/studio/7.0/toolchain/avr8/avr8-gnu-toolchain/bin/../lib/gcc/avr/4.9.2/avr51\libgcc.a(_clear_bss.o)
 .text.libgcc.mul
                0x00000000        0x0 c:/program files (x86)/atmel/studio/7.0/toolchain/avr8/avr8-gnu-toolchain/bin/../lib/gcc/avr/4.9.2/avr51\libgcc.a(_clear_bss.o)
 .text.libgcc.div
                0x00000000        0x0 c:/program files (x86)/atmel/studio/7.0/toolchain/avr8/avr8-gnu-toolchain/bin/../lib/gcc/avr/4.9.2/avr51\libgcc.a(_clear_bss.o)
 .text.libgcc   0x00000000        0x0 c:/program files (x86)/atmel/studio/7.0/toolchain/avr8/avr8-gnu-toolchain/bin/../lib/gcc/avr/4.9.2/avr51\libgcc.a(_clear_bss.o)
 .text.libgcc.prologue
                0x00000000        0x0 c:/program files (x86)/atmel/studio/7.0/toolchain/avr8/avr8-gnu-toolchain/bin/../lib/gcc/avr/4.9.2/avr51\libgcc.a(_clear_bss.o)
 .text.libgcc.builtins
                0x00000000        0x0 c:/program files (x86)/atmel/studio/7.0/toolchain/avr8/avr8-gnu-toolchain/bin/../lib/gcc/avr/4.9.2/avr51\libgcc.a(_clear_bss.o)
 .text.libgcc.fmul
                0x00000000        0x0 c:/program files (x86)/atmel/studio/7.0/toolchain/avr8/avr8-gnu-toolchain/bin/../lib/gcc/avr/4.9.2/avr51\libgcc.a(_clear_bss.o)
 .text.libgcc.fixed
                0x00000000        0x0 c:/program files (x86)/atmel/studio/7.0/toolchain/avr8/avr8-gnu-toolchain/bin/../lib/gcc/avr/4.9.2/avr51\libgcc.a(_clear_bss.o)
 .text          0x00000000        0x0 c:/program files (x86)/atmel/studio/7.0/toolchain/avr8/avr8-gnu-toolchain/bin/../lib/gcc/avr/4.9.2/avr51\libgcc.a(_adddi3.o)
 .data          0x00000000        0x0 c:/program files (x86)/atmel/studio/7.0/toolchain/avr8/avr8-gnu-toolchain/bin/../lib/gcc/avr/4.9.2/avr51\libgcc.a(_adddi3.o)
 .bss           0x00000000        0x0 c:/program files (x86)/atmel/studio/7.0/toolchain/avr8/avr8-gnu-toolchain/bin/../lib/gcc/avr/4.9.2/avr51\libgcc.a(_adddi3.o)
 .text.libgcc.mul
                0x00000000        0x0 c:/program files (x86)/atmel/studio/7.0/toolchain/avr8/avr8-gnu-toolchain/bin/../lib/gcc/avr/4.9.2/avr51\libgcc.a(_adddi3.o)
 .text.libgcc.div
                0x00000000        0x0 c:/program files (x86)/atmel/studio/7.0/toolchain/avr8/avr8-gnu-toolchain/bin/../lib/gcc/avr/4.9.2/avr51\libgcc.a(_adddi3.o)
 .text.libgcc.prologue
                0x00000000        0x0 c:/program files (x86)/atmel/studio/7.0/toolchain/avr8/avr8-gnu-toolchain/bin/../lib/gcc/avr/4.9.2/avr51\libgcc.a(_adddi3.o)
 .text.libgcc.builtins
                0x00000000        0x0 c:/program files (x86)/atmel/studio/7.0/toolchain/avr8/avr8-gnu-toolchain/bin/../lib/gcc/avr/4.9.2/avr51\libgcc.a(_adddi3.o)
 .text.libgcc.fmul
                0x00000000        0x0 c:/program files (x86)/atmel/studio/7.0/toolchain/avr8/avr8-gnu-toolchain/bin/../lib/gcc/avr/4.9.2/avr51\libgcc.a(_adddi3.o)
 .text.libgcc.fixed
                0x00000000        0x0 c:/program files (x86)/atmel/studio/7.0/toolchain/avr8/avr8-gnu-toolchain/bin/../lib/gcc/avr/4.9.2/avr51\libgcc.a(_adddi3.o)
 .text          0x00000000        0x0 c:/program files (x86)/atmel/studio/7.0/toolchain/avr8/avr8-gnu-toolchain/bin/../lib/gcc/avr/4.9.2/../../../../avr/lib/avr51\libc.a(ftoa_engine.o)
 .data          0x00000000        0x0 c:/program files (x86)/atmel/studio/7.0/toolchain/avr8/avr8-gnu-toolchain/bin/../lib/gcc/avr/4.9.2/../../../../avr/lib/avr51\libc.a(ftoa_engine.o)
 .bss           0x00000000        0x0 c:/program files (x86)/atmel/studio/7.0/toolchain/avr8/avr8-gnu-toolchain/bin/../lib/gcc/avr/4.9.2/../../../../avr/lib/avr51\libc.a(ftoa_engine.o)
 .text          0x00000000        0x0 c:/program files (x86)/atmel/studio/7.0/toolchain/avr8/avr8-gnu-toolchain/bin/../lib/gcc/avr/4.9.2/../../../../avr/lib/avr51\libc.a(strnlen_P.o)
 .data          0x00000000        0x0 c:/program files (x86)/atmel/studio/7.0/toolchain/avr8/avr8-gnu-toolchain/bin/../lib/gcc/avr/4.9.2/../../../../avr/lib/avr51\libc.a(strnlen_P.o)
 .bss           0x00000000        0x0 c:/program files (x86)/atmel/studio/7.0/toolchain/avr8/avr8-gnu-toolchain/bin/../lib/gcc/avr/4.9.2/../../../../avr/lib/avr51\libc.a(strnlen_P.o)
 .text          0x00000000        0x0 c:/program files (x86)/atmel/studio/7.0/toolchain/avr8/avr8-gnu-toolchain/bin/../lib/gcc/avr/4.9.2/../../../../avr/lib/avr51\libc.a(strnlen.o)
 .data          0x00000000        0x0 c:/program files (x86)/atmel/studio/7.0/toolchain/avr8/avr8-gnu-toolchain/bin/../lib/gcc/avr/4.9.2/../../../../avr/lib/avr51\libc.a(strnlen.o)
 .bss           0x00000000        0x0 c:/program files (x86)/atmel/studio/7.0/toolchain/avr8/avr8-gnu-toolchain/bin/../lib/gcc/avr/4.9.2/../../../../avr/lib/avr51\libc.a(strnlen.o)
 .text          0x00000000        0x0 c:/program files (x86)/atmel/studio/7.0/toolchain/avr8/avr8-gnu-toolchain/bin/../lib/gcc/avr/4.9.2/../../../../avr/lib/avr51\libc.a(fputc.o)
 .data          0x00000000        0x0 c:/program files (x86)/atmel/studio/7.0/toolchain/avr8/avr8-gnu-toolchain/bin/../lib/gcc/avr/4.9.2/../../../../avr/lib/avr51\libc.a(fputc.o)
 .bss           0x00000000        0x0 c:/program files (x86)/atmel/studio/7.0/toolchain/avr8/avr8-gnu-toolchain/bin/../lib/gcc/avr/4.9.2/../../../../avr/lib/avr51\libc.a(fputc.o)
 .text          0x00000000        0x0 c:/program files (x86)/atmel/studio/7.0/toolchain/avr8/avr8-gnu-toolchain/bin/../lib/gcc/avr/4.9.2/../../../../avr/lib/avr51\libc.a(iob.o)
 .data          0x00000000        0x0 c:/program files (x86)/atmel/studio/7.0/toolchain/avr8/avr8-gnu-toolchain/bin/../lib/gcc/avr/4.9.2/../../../../avr/lib/avr51\libc.a(iob.o)
 .bss           0x00000000        0x0 c:/program files (x86)/atmel/studio/7.0/toolchain/avr8/avr8-gnu-toolchain/bin/../lib/gcc/avr/4.9.2/../../../../avr/lib/avr51\libc.a(iob.o)
 .text          0x00000000        0x0 c:/program files (x86)/atmel/studio/7.0/toolchain/avr8/avr8-gnu-toolchain/bin/../lib/gcc/avr/4.9.2/../../../../avr/lib/avr51\libc.a(printf.o)
 .data          0x00000000        0x0 c:/program files (x86)/atmel/studio/7.0/toolchain/avr8/avr8-gnu-toolchain/bin/../lib/gcc/avr/4.9.2/../../../../avr/lib/avr51\libc.a(printf.o)
 .bss           0x00000000        0x0 c:/program files (x86)/atmel/studio/7.0/toolchain/avr8/avr8-gnu-toolchain/bin/../lib/gcc/avr/4.9.2/../../../../avr/lib/avr51\libc.a(printf.o)
 .text          0x00000000        0x0 c:/program files (x86)/atmel/studio/7.0/toolchain/avr8/avr8-gnu-toolchain/bin/../lib/gcc/avr/4.9.2/../../../../avr/lib/avr51\libc.a(puts.o)
 .data          0x00000000        0x0 c:/program files (x86)/atmel/studio/7.0/toolchain/avr8/avr8-gnu-toolchain/bin/../lib/gcc/avr/4.9.2/../../../../avr/lib/avr51\libc.a(puts.o)
 .bss           0x00000000        0x0 c:/program files (x86)/atmel/studio/7.0/toolchain/avr8/avr8-gnu-toolchain/bin/../lib/gcc/avr/4.9.2/../../../../avr/lib/avr51\libc.a(puts.o)
 .text          0x00000000        0x0 c:/program files (x86)/atmel/studio/7.0/toolchain/avr8/avr8-gnu-toolchain/bin/../lib/gcc/avr/4.9.2/../../../../avr/lib/avr51\libc.a(ultoa_invert.o)
 .data          0x00000000        0x0 c:/program files (x86)/atmel/studio/7.0/toolchain/avr8/avr8-gnu-toolchain/bin/../lib/gcc/avr/4.9.2/../../../../avr/lib/avr51\libc.a(ultoa_invert.o)
 .bss           0x00000000        0x0 c:/program files (x86)/atmel/studio/7.0/toolchain/avr8/avr8-gnu-toolchain/bin/../lib/gcc/avr/4.9.2/../../../../avr/lib/avr51\libc.a(ultoa_invert.o)

Memory Configuration

Name             Origin             Length             Attributes
text             0x00000000         0x00020000         xr
data             0x00800100         0x0000ff00         rw !x
eeprom           0x00810000         0x00010000         rw !x
fuse             0x00820000         0x00000400         rw !x
lock             0x00830000         0x00000400         rw !x
signature        0x00840000         0x00000400         rw !x
user_signatures  0x00850000         0x00000400         rw !x
*default*        0x00000000         0xffffffff

Linker script and memory map

Address of section .data set to 0x800100
LOAD C:/Program Files (x86)/Atmel/Studio/7.0/Packs/atmel/ATmega_DFP/1.0.106/gcc/dev/atmega128/avr51/crtatmega128.o
LOAD acrobot_compiler_testing.o
LOAD PID_v1.o
LOAD i2chw/twimastertimeout.o
LOAD mpu6050/mpu6050.o
LOAD mpu6050/mpu6050dmp6.o
START GROUP
LOAD c:/program files (x86)/atmel/studio/7.0/toolchain/avr8/avr8-gnu-toolchain/bin/../lib/gcc/avr/4.9.2/../../../../avr/lib/avr51\libm.a
END GROUP
LOAD c:/program files (x86)/atmel/studio/7.0/toolchain/avr8/avr8-gnu-toolchain/bin/../lib/gcc/avr/4.9.2/../../../../avr/lib/avr51\libprintf_flt.a
START GROUP
LOAD c:/program files (x86)/atmel/studio/7.0/toolchain/avr8/avr8-gnu-toolchain/bin/../lib/gcc/avr/4.9.2/avr51\libgcc.a
LOAD c:/program files (x86)/atmel/studio/7.0/toolchain/avr8/avr8-gnu-toolchain/bin/../lib/gcc/avr/4.9.2/../../../../avr/lib/avr51\libm.a
LOAD c:/program files (x86)/atmel/studio/7.0/toolchain/avr8/avr8-gnu-toolchain/bin/../lib/gcc/avr/4.9.2/../../../../avr/lib/avr51\libc.a
LOAD C:/Program Files (x86)/Atmel/Studio/7.0/Packs/atmel/ATmega_DFP/1.0.106/gcc/dev/atmega128/avr51\libatmega128.a
END GROUP
                0x00020000                __TEXT_REGION_LENGTH__ = DEFINED (__TEXT_REGION_LENGTH__)?__TEXT_REGION_LENGTH__:0x20000
                0x0000ff00                __DATA_REGION_LENGTH__ = DEFINED (__DATA_REGION_LENGTH__)?__DATA_REGION_LENGTH__:0xff00
                0x00010000                __EEPROM_REGION_LENGTH__ = DEFINED (__EEPROM_REGION_LENGTH__)?__EEPROM_REGION_LENGTH__:0x10000
                0x00000400                __FUSE_REGION_LENGTH__ = DEFINED (__FUSE_REGION_LENGTH__)?__FUSE_REGION_LENGTH__:0x400
                0x00000400                __LOCK_REGION_LENGTH__ = DEFINED (__LOCK_REGION_LENGTH__)?__LOCK_REGION_LENGTH__:0x400
                0x00000400                __SIGNATURE_REGION_LENGTH__ = DEFINED (__SIGNATURE_REGION_LENGTH__)?__SIGNATURE_REGION_LENGTH__:0x400
                0x00000400                __USER_SIGNATURE_REGION_LENGTH__ = DEFINED (__USER_SIGNATURE_REGION_LENGTH__)?__USER_SIGNATURE_REGION_LENGTH__:0x400

.hash
 *(.hash)

.dynsym
 *(.dynsym)

.dynstr
 *(.dynstr)

.gnu.version
 *(.gnu.version)

.gnu.version_d
 *(.gnu.version_d)

.gnu.version_r
 *(.gnu.version_r)

.rel.init
 *(.rel.init)

.rela.init
 *(.rela.init)

.rel.text
 *(.rel.text)
 *(.rel.text.*)
 *(.rel.gnu.linkonce.t*)

.rela.text
 *(.rela.text)
 *(.rela.text.*)
 *(.rela.gnu.linkonce.t*)

.rel.fini
 *(.rel.fini)

.rela.fini
 *(.rela.fini)

.rel.rodata
 *(.rel.rodata)
 *(.rel.rodata.*)
 *(.rel.gnu.linkonce.r*)

.rela.rodata
 *(.rela.rodata)
 *(.rela.rodata.*)
 *(.rela.gnu.linkonce.r*)

.rel.data
 *(.rel.data)
 *(.rel.data.*)
 *(.rel.gnu.linkonce.d*)

.rela.data
 *(.rela.data)
 *(.rela.data.*)
 *(.rela.gnu.linkonce.d*)

.rel.ctors
 *(.rel.ctors)

.rela.ctors
 *(.rela.ctors)

.rel.dtors
 *(.rel.dtors)

.rela.dtors
 *(.rela.dtors)

.rel.got
 *(.rel.got)

.rela.got
 *(.rela.got)

.rel.bss
 *(.rel.bss)

.rela.bss
 *(.rela.bss)

.rel.plt
 *(.rel.plt)

.rela.plt
 *(.rela.plt)

.text           0x00000000     0x244e
 *(.vectors)
 .vectors       0x00000000       0x8c C:/Program Files (x86)/Atmel/Studio/7.0/Packs/atmel/ATmega_DFP/1.0.106/gcc/dev/atmega128/avr51/crtatmega128.o
                0x00000000                __vector_default
                0x00000000                __vectors
 *(.vectors)
 *(.progmem.gcc*)
                0x0000008c                . = ALIGN (0x2)
                0x0000008c                __trampolines_start = .
 *(.trampolines)
 .trampolines   0x0000008c        0x0 linker stubs
 *(.trampolines*)
                0x0000008c                __trampolines_end = .
 *libprintf_flt.a:*(.progmem.data)
 .progmem.data  0x0000008c        0x8 c:/program files (x86)/atmel/studio/7.0/toolchain/avr8/avr8-gnu-toolchain/bin/../lib/gcc/avr/4.9.2/../../../../avr/lib/avr51\libprintf_flt.a(vfprintf_flt.o)
 *libc.a:*(.progmem.data)
 .progmem.data  0x00000094       0xfa c:/program files (x86)/atmel/studio/7.0/toolchain/avr8/avr8-gnu-toolchain/bin/../lib/gcc/avr/4.9.2/../../../../avr/lib/avr51\libc.a(ftoa_engine.o)
 *(.progmem*)
                0x0000018e                . = ALIGN (0x2)
 *(.jumptables)
 *(.jumptables*)
 *(.lowtext)
 *(.lowtext*)
                0x0000018e                __ctors_start = .
 *(.ctors)
                0x0000018e                __ctors_end = .
                0x0000018e                __dtors_start = .
 *(.dtors)
                0x0000018e                __dtors_end = .
 SORT(*)(.ctors)
 SORT(*)(.dtors)
 *(.init0)
 .init0         0x0000018e        0x0 C:/Program Files (x86)/Atmel/Studio/7.0/Packs/atmel/ATmega_DFP/1.0.106/gcc/dev/atmega128/avr51/crtatmega128.o
                0x0000018e                __init
 *(.init0)
 *(.init1)
 *(.init1)
 *(.init2)
 .init2         0x0000018e        0xc C:/Program Files (x86)/Atmel/Studio/7.0/Packs/atmel/ATmega_DFP/1.0.106/gcc/dev/atmega128/avr51/crtatmega128.o
 *(.init2)
 *(.init3)
 *(.init3)
 *(.init4)
 .init4         0x0000019a       0x1a c:/program files (x86)/atmel/studio/7.0/toolchain/avr8/avr8-gnu-toolchain/bin/../lib/gcc/avr/4.9.2/avr51\libgcc.a(_copy_data.o)
                0x0000019a                __do_copy_data
 .init4         0x000001b4       0x10 c:/program files (x86)/atmel/studio/7.0/toolchain/avr8/avr8-gnu-toolchain/bin/../lib/gcc/avr/4.9.2/avr51\libgcc.a(_clear_bss.o)
                0x000001b4                __do_clear_bss
 *(.init4)
 *(.init5)
 *(.init5)
 *(.init6)
 *(.init6)
 *(.init7)
 *(.init7)
 *(.init8)
 *(.init8)
 *(.init9)
 .init9         0x000001c4        0x6 C:/Program Files (x86)/Atmel/Studio/7.0/Packs/atmel/ATmega_DFP/1.0.106/gcc/dev/atmega128/avr51/crtatmega128.o
 *(.init9)
 *(.text)
 .text          0x000001ca        0x2 C:/Program Files (x86)/Atmel/Studio/7.0/Packs/atmel/ATmega_DFP/1.0.106/gcc/dev/atmega128/avr51/crtatmega128.o
                0x000001ca                __vector_22
                0x000001ca                __vector_28
                0x000001ca                __vector_1
                0x000001ca                __vector_32
                0x000001ca                __vector_34
                0x000001ca                __vector_24
                0x000001ca                __vector_12
                0x000001ca                __bad_interrupt
                0x000001ca                __vector_31
                0x000001ca                __vector_3
                0x000001ca                __vector_23
                0x000001ca                __vector_25
                0x000001ca                __vector_11
                0x000001ca                __vector_13
                0x000001ca                __vector_17
                0x000001ca                __vector_19
                0x000001ca                __vector_27
                0x000001ca                __vector_33
                0x000001ca                __vector_4
                0x000001ca                __vector_9
                0x000001ca                __vector_2
                0x000001ca                __vector_21
                0x000001ca                __vector_15
                0x000001ca                __vector_29
                0x000001ca                __vector_26
                0x000001ca                __vector_14
                0x000001ca                __vector_10
                0x000001ca                __vector_16
                0x000001ca                __vector_20
                0x000001cc                . = ALIGN (0x2)
 *(.text.*)
 .text.setPower
                0x000001cc       0x28 acrobot_compiler_testing.o
                0x000001cc                setPower
 .text.getAcceleration
                0x000001f4      0x122 acrobot_compiler_testing.o
                0x000001f4                getAcceleration
 .text.servoLoop
                0x00000316      0x17c acrobot_compiler_testing.o
                0x00000316                servoLoop
 .text.setLed   0x00000492       0x18 acrobot_compiler_testing.o
                0x00000492                setLed
 .text.__vector_5
                0x000004aa       0xf2 acrobot_compiler_testing.o
                0x000004aa                __vector_5
 .text.__vector_6
                0x0000059c       0xce acrobot_compiler_testing.o
                0x0000059c                __vector_6
 .text.__vector_7
                0x0000066a       0x62 acrobot_compiler_testing.o
                0x0000066a                __vector_7
 .text.__vector_8
                0x000006cc       0xc2 acrobot_compiler_testing.o
                0x000006cc                __vector_8
 .text.uart_setup
                0x0000078e       0x22 acrobot_compiler_testing.o
                0x0000078e                uart_setup
 .text.init_all
                0x000007b0       0x3e acrobot_compiler_testing.o
                0x000007b0                init_all
 .text.uart_putchar
                0x000007ee       0x10 acrobot_compiler_testing.o
                0x000007ee                uart_putchar
 .text.ping     0x000007fe        0x6 acrobot_compiler_testing.o
                0x000007fe                ping
 .text.uart_getchar
                0x00000804       0x1a acrobot_compiler_testing.o
                0x00000804                uart_getchar
 .text.uart_hasNext
                0x0000081e       0x12 acrobot_compiler_testing.o
                0x0000081e                uart_hasNext
 .text.SEND16   0x00000830       0x10 acrobot_compiler_testing.o
                0x00000830                SEND16
 .text.oldTransmissionHandler
                0x00000840      0x25c acrobot_compiler_testing.o
                0x00000840                oldTransmissionHandler
 .text.__vector_30
                0x00000a9c       0x60 acrobot_compiler_testing.o
                0x00000a9c                __vector_30
 .text.uart_setup0
                0x00000afc       0x16 acrobot_compiler_testing.o
                0x00000afc                uart_setup0
 .text.main     0x00000b12      0x1f0 acrobot_compiler_testing.o
                0x00000b12                main
 .text.uart_putchar0
                0x00000d02        0x8 acrobot_compiler_testing.o
                0x00000d02                uart_putchar0
 .text.usart_putchar_printf
                0x00000d0a        0xa acrobot_compiler_testing.o
                0x00000d0a                usart_putchar_printf
 .text.__vector_18
                0x00000d14       0x5e acrobot_compiler_testing.o
                0x00000d14                __vector_18
 .text.PID_SetTunings
                0x00000d72      0x138 PID_v1.o
                0x00000d72                PID_SetTunings
 .text.PID_SetControllerDirection
                0x00000eaa       0xa6 PID_v1.o
                0x00000eaa                PID_SetControllerDirection
 .text.PID_Setup
                0x00000f50      0x126 PID_v1.o
                0x00000f50                PID_Setup
 .text.i2c_init
                0x00001076        0xc i2chw/twimastertimeout.o
                0x00001076                i2c_init
 .text.i2c_start
                0x00001082       0x8c i2chw/twimastertimeout.o
                0x00001082                i2c_start
 .text.i2c_stop
                0x0000110e       0x20 i2chw/twimastertimeout.o
                0x0000110e                i2c_stop
 .text.i2c_write
                0x0000112e       0x42 i2chw/twimastertimeout.o
                0x0000112e                i2c_write
 .text.i2c_readAck
                0x00001170       0x34 i2chw/twimastertimeout.o
                0x00001170                i2c_readAck
 .text.i2c_readNak
                0x000011a4       0x34 i2chw/twimastertimeout.o
                0x000011a4                i2c_readNak
 .text.mpu6050_readBytes
                0x000011d8       0x94 mpu6050/mpu6050.o
                0x000011d8                mpu6050_readBytes
 .text.mpu6050_readByte
                0x0000126c        0x8 mpu6050/mpu6050.o
                0x0000126c                mpu6050_readByte
 .text.mpu6050_writeBytes
                0x00001274       0x4a mpu6050/mpu6050.o
                0x00001274                mpu6050_writeBytes
 .text.mpu6050_writeByte
                0x000012be       0x1e mpu6050/mpu6050.o
                0x000012be                mpu6050_writeByte
 .text.mpu6050_writeBits
                0x000012dc       0x84 mpu6050/mpu6050.o
                0x000012dc                mpu6050_writeBits
 .text.mpu6050_writeBit
                0x00001360       0x62 mpu6050/mpu6050.o
                0x00001360                mpu6050_writeBit
 .text.mpu6050_setSleepDisabled
                0x000013c2        0xa mpu6050/mpu6050.o
                0x000013c2                mpu6050_setSleepDisabled
 .text.mpu6050_init
                0x000013cc       0x5a mpu6050/mpu6050.o
                0x000013cc                mpu6050_init
 .text.mpu6050_getRawData
                0x00001426       0x9a mpu6050/mpu6050.o
                0x00001426                mpu6050_getRawData
 .text.avr-libc.fplib
                0x000014c0        0xa c:/program files (x86)/atmel/studio/7.0/toolchain/avr8/avr8-gnu-toolchain/bin/../lib/gcc/avr/4.9.2/../../../../avr/lib/avr51\libm.a(addsf3.o)
                0x000014c0                __subsf3
                0x000014c2                __addsf3
 .text.avr-libc.fplib
                0x000014ca       0xc0 c:/program files (x86)/atmel/studio/7.0/toolchain/avr8/avr8-gnu-toolchain/bin/../lib/gcc/avr/4.9.2/../../../../avr/lib/avr51\libm.a(addsf3x.o)
                0x000014e4                __addsf3x
 .text.avr-libc.fplib
                0x0000158a        0x8 c:/program files (x86)/atmel/studio/7.0/toolchain/avr8/avr8-gnu-toolchain/bin/../lib/gcc/avr/4.9.2/../../../../avr/lib/avr51\libm.a(cmpsf2.o)
                0x0000158a                __nesf2
                0x0000158a                __eqsf2
                0x0000158a                __cmpsf2
                0x0000158a                __ltsf2
                0x0000158a                __lesf2
 .text.avr-libc.fplib
                0x00001592        0x4 c:/program files (x86)/atmel/studio/7.0/toolchain/avr8/avr8-gnu-toolchain/bin/../lib/gcc/avr/4.9.2/../../../../avr/lib/avr51\libm.a(divsf3.o)
                0x00001592                __divsf3
 .text.avr-libc.fplib
                0x00001596       0xcc c:/program files (x86)/atmel/studio/7.0/toolchain/avr8/avr8-gnu-toolchain/bin/../lib/gcc/avr/4.9.2/../../../../avr/lib/avr51\libm.a(divsf3x.o)
                0x000015ac                __divsf3x
                0x000015b0                __divsf3_pse
 .text.avr-libc.fplib
                0x00001662        0xa c:/program files (x86)/atmel/studio/7.0/toolchain/avr8/avr8-gnu-toolchain/bin/../lib/gcc/avr/4.9.2/../../../../avr/lib/avr51\libm.a(fixsfsi.o)
                0x00001662                __fixsfsi
 .text.avr-libc.fplib
                0x0000166c       0x58 c:/program files (x86)/atmel/studio/7.0/toolchain/avr8/avr8-gnu-toolchain/bin/../lib/gcc/avr/4.9.2/../../../../avr/lib/avr51\libm.a(fixunssfsi.o)
                0x0000166c                __fixunssfsi
 .text.avr-libc.fplib
                0x000016c4        0x8 c:/program files (x86)/atmel/studio/7.0/toolchain/avr8/avr8-gnu-toolchain/bin/../lib/gcc/avr/4.9.2/../../../../avr/lib/avr51\libm.a(floatdisf.o)
                0x000016c4                __floatdisf
 .text.avr-libc.fplib
                0x000016cc       0x7a c:/program files (x86)/atmel/studio/7.0/toolchain/avr8/avr8-gnu-toolchain/bin/../lib/gcc/avr/4.9.2/../../../../avr/lib/avr51\libm.a(floatsisf.o)
                0x000016cc                __floatunsisf
                0x000016d0                __floatsisf
 .text.avr-libc.fplib
                0x00001746       0x7c c:/program files (x86)/atmel/studio/7.0/toolchain/avr8/avr8-gnu-toolchain/bin/../lib/gcc/avr/4.9.2/../../../../avr/lib/avr51\libm.a(floatundisf.o)
                0x00001746                __floatundisf
                0x00001748                __fp_di2sf
 .text.avr-libc.fplib
                0x000017c2       0x48 c:/program files (x86)/atmel/studio/7.0/toolchain/avr8/avr8-gnu-toolchain/bin/../lib/gcc/avr/4.9.2/../../../../avr/lib/avr51\libm.a(fp_cmp.o)
                0x000017c2                __fp_cmp
 .text.avr-libc.fplib
                0x0000180a        0xc c:/program files (x86)/atmel/studio/7.0/toolchain/avr8/avr8-gnu-toolchain/bin/../lib/gcc/avr/4.9.2/../../../../avr/lib/avr51\libm.a(fp_inf.o)
                0x0000180a                __fp_inf
 .text.avr-libc.fplib
                0x00001816        0x6 c:/program files (x86)/atmel/studio/7.0/toolchain/avr8/avr8-gnu-toolchain/bin/../lib/gcc/avr/4.9.2/../../../../avr/lib/avr51\libm.a(fp_nan.o)
                0x00001816                __fp_nan
 .text.avr-libc.fplib
                0x0000181c       0x20 c:/program files (x86)/atmel/studio/7.0/toolchain/avr8/avr8-gnu-toolchain/bin/../lib/gcc/avr/4.9.2/../../../../avr/lib/avr51\libm.a(fp_negdi.o)
                0x0000181c                __fp_negdi
 .text.avr-libc.fplib
                0x0000183c        0xe c:/program files (x86)/atmel/studio/7.0/toolchain/avr8/avr8-gnu-toolchain/bin/../lib/gcc/avr/4.9.2/../../../../avr/lib/avr51\libm.a(fp_pscA.o)
                0x0000183c                __fp_pscA
 .text.avr-libc.fplib
                0x0000184a        0xe c:/program files (x86)/atmel/studio/7.0/toolchain/avr8/avr8-gnu-toolchain/bin/../lib/gcc/avr/4.9.2/../../../../avr/lib/avr51\libm.a(fp_pscB.o)
                0x0000184a                __fp_pscB
 .text.avr-libc.fplib
                0x00001858       0x22 c:/program files (x86)/atmel/studio/7.0/toolchain/avr8/avr8-gnu-toolchain/bin/../lib/gcc/avr/4.9.2/../../../../avr/lib/avr51\libm.a(fp_round.o)
                0x00001858                __fp_round
 .text.avr-libc.fplib
                0x0000187a       0x44 c:/program files (x86)/atmel/studio/7.0/toolchain/avr8/avr8-gnu-toolchain/bin/../lib/gcc/avr/4.9.2/../../../../avr/lib/avr51\libm.a(fp_split3.o)
                0x0000187a                __fp_split3
                0x0000188a                __fp_splitA
 .text.avr-libc.fplib
                0x000018be        0xe c:/program files (x86)/atmel/studio/7.0/toolchain/avr8/avr8-gnu-toolchain/bin/../lib/gcc/avr/4.9.2/../../../../avr/lib/avr51\libm.a(fp_zero.o)
                0x000018be                __fp_zero
                0x000018c0                __fp_szero
 .text.avr-libc.fplib
                0x000018cc        0x8 c:/program files (x86)/atmel/studio/7.0/toolchain/avr8/avr8-gnu-toolchain/bin/../lib/gcc/avr/4.9.2/../../../../avr/lib/avr51\libm.a(gesf2.o)
                0x000018cc                __gesf2
                0x000018cc                __gtsf2
 .text.avr-libc.fplib
                0x000018d4        0x4 c:/program files (x86)/atmel/studio/7.0/toolchain/avr8/avr8-gnu-toolchain/bin/../lib/gcc/avr/4.9.2/../../../../avr/lib/avr51\libm.a(mulsf3.o)
                0x000018d4                __mulsf3
 .text.avr-libc.fplib
                0x000018d8       0xc2 c:/program files (x86)/atmel/studio/7.0/toolchain/avr8/avr8-gnu-toolchain/bin/../lib/gcc/avr/4.9.2/../../../../avr/lib/avr51\libm.a(mulsf3x.o)
                0x000018ec                __mulsf3x
                0x000018f0                __mulsf3_pse
 .text.avr-libc
                0x0000199a      0x710 c:/program files (x86)/atmel/studio/7.0/toolchain/avr8/avr8-gnu-toolchain/bin/../lib/gcc/avr/4.9.2/../../../../avr/lib/avr51\libprintf_flt.a(vfprintf_flt.o)
                0x0000199a                vfprintf
 .text.libgcc   0x000020aa       0x12 c:/program files (x86)/atmel/studio/7.0/toolchain/avr8/avr8-gnu-toolchain/bin/../lib/gcc/avr/4.9.2/avr51\libgcc.a(_adddi3.o)
                0x000020aa                __adddi3
 .text.avr-libc
                0x000020bc      0x1b0 c:/program files (x86)/atmel/studio/7.0/toolchain/avr8/avr8-gnu-toolchain/bin/../lib/gcc/avr/4.9.2/../../../../avr/lib/avr51\libc.a(ftoa_engine.o)
                0x000020bc                __ftoa_engine
 .text.avr-libc
                0x0000226c       0x16 c:/program files (x86)/atmel/studio/7.0/toolchain/avr8/avr8-gnu-toolchain/bin/../lib/gcc/avr/4.9.2/../../../../avr/lib/avr51\libc.a(strnlen_P.o)
                0x0000226c                strnlen_P
 .text.avr-libc
                0x00002282       0x16 c:/program files (x86)/atmel/studio/7.0/toolchain/avr8/avr8-gnu-toolchain/bin/../lib/gcc/avr/4.9.2/../../../../avr/lib/avr51\libc.a(strnlen.o)
                0x00002282                strnlen
 .text.avr-libc
                0x00002298       0x70 c:/program files (x86)/atmel/studio/7.0/toolchain/avr8/avr8-gnu-toolchain/bin/../lib/gcc/avr/4.9.2/../../../../avr/lib/avr51\libc.a(fputc.o)
                0x00002298                fputc
 .text.avr-libc
                0x00002308       0x26 c:/program files (x86)/atmel/studio/7.0/toolchain/avr8/avr8-gnu-toolchain/bin/../lib/gcc/avr/4.9.2/../../../../avr/lib/avr51\libc.a(printf.o)
                0x00002308                printf
 .text.avr-libc
                0x0000232e       0x60 c:/program files (x86)/atmel/studio/7.0/toolchain/avr8/avr8-gnu-toolchain/bin/../lib/gcc/avr/4.9.2/../../../../avr/lib/avr51\libc.a(puts.o)
                0x0000232e                puts
 .text.avr-libc
                0x0000238e       0xbc c:/program files (x86)/atmel/studio/7.0/toolchain/avr8/avr8-gnu-toolchain/bin/../lib/gcc/avr/4.9.2/../../../../avr/lib/avr51\libc.a(ultoa_invert.o)
                0x0000238e                __ultoa_invert
                0x0000244a                . = ALIGN (0x2)
 *(.fini9)
 .fini9         0x0000244a        0x0 c:/program files (x86)/atmel/studio/7.0/toolchain/avr8/avr8-gnu-toolchain/bin/../lib/gcc/avr/4.9.2/avr51\libgcc.a(_exit.o)
                0x0000244a                _exit
                0x0000244a                exit
 *(.fini9)
 *(.fini8)
 *(.fini8)
 *(.fini7)
 *(.fini7)
 *(.fini6)
 *(.fini6)
 *(.fini5)
 *(.fini5)
 *(.fini4)
 *(.fini4)
 *(.fini3)
 *(.fini3)
 *(.fini2)
 *(.fini2)
 *(.fini1)
 *(.fini1)
 *(.fini0)
 .fini0         0x0000244a        0x4 c:/program files (x86)/atmel/studio/7.0/toolchain/avr8/avr8-gnu-toolchain/bin/../lib/gcc/avr/4.9.2/avr51\libgcc.a(_exit.o)
 *(.fini0)
                0x0000244e                _etext = .

.data           0x00800100       0x9e load address 0x0000244e
                0x00800100                PROVIDE (__data_start, .)
 *(.data)
 *(.data*)
 .data.mystdout
                0x00800100        0xe acrobot_compiler_testing.o
 .data.lo_sum_count
                0x0080010e        0x1 acrobot_compiler_testing.o
                0x0080010e                lo_sum_count
 .data.up_sum_count
                0x0080010f        0x1 acrobot_compiler_testing.o
                0x0080010f                up_sum_count
 .data.lo_sum   0x00800110        0x2 acrobot_compiler_testing.o
                0x00800110                lo_sum
 .data.up_sum   0x00800112        0x2 acrobot_compiler_testing.o
                0x00800112                up_sum
 *(.rodata)
 *(.rodata*)
 .rodata.str1.1
                0x00800114       0x89 acrobot_compiler_testing.o
                                 0x8e (size before relaxing)
 *(.gnu.linkonce.d*)
                0x0080019e                . = ALIGN (0x2)
 *fill*         0x0080019d        0x1 
                0x0080019e                _edata = .
                0x0080019e                PROVIDE (__data_end, .)

.bss            0x0080019e       0xdc
                0x0080019e                PROVIDE (__bss_start, .)
 *(.bss)
 *(.bss*)
 .bss.wrptr0    0x0080019e        0x1 acrobot_compiler_testing.o
                0x0080019e                wrptr0
 .bss.rdptr0    0x0080019f        0x1 acrobot_compiler_testing.o
                0x0080019f                rdptr0
 .bss.wrptr     0x008001a0        0x1 acrobot_compiler_testing.o
                0x008001a0                wrptr
 .bss.rdptr     0x008001a1        0x1 acrobot_compiler_testing.o
                0x008001a1                rdptr
 .bss.gz        0x008001a2        0x2 acrobot_compiler_testing.o
                0x008001a2                gz
 .bss.gy        0x008001a4        0x2 acrobot_compiler_testing.o
                0x008001a4                gy
 .bss.gx        0x008001a6        0x2 acrobot_compiler_testing.o
                0x008001a6                gx
 .bss.az        0x008001a8        0x2 acrobot_compiler_testing.o
                0x008001a8                az
 .bss.ay        0x008001aa        0x2 acrobot_compiler_testing.o
                0x008001aa                ay
 .bss.ax        0x008001ac        0x2 acrobot_compiler_testing.o
                0x008001ac                ax
 .bss.resulting_power
                0x008001ae        0x1 acrobot_compiler_testing.o
                0x008001ae                resulting_power
 .bss.servo_on  0x008001af        0x1 acrobot_compiler_testing.o
                0x008001af                servo_on
 .bss.last_upper_reading
                0x008001b0        0x2 acrobot_compiler_testing.o
                0x008001b0                last_upper_reading
 .bss.target_acceleration
                0x008001b2        0x4 acrobot_compiler_testing.o
                0x008001b2                target_acceleration
 .bss.last_gyro_reading
                0x008001b6        0x2 acrobot_compiler_testing.o
                0x008001b6                last_gyro_reading
 .bss.last_time
                0x008001b8        0x4 acrobot_compiler_testing.o
                0x008001b8                last_time
 .bss.system_time
                0x008001bc        0x8 acrobot_compiler_testing.o
                0x008001bc                system_time
 .bss.lo_oldest
                0x008001c4        0x1 acrobot_compiler_testing.o
                0x008001c4                lo_oldest
 .bss.lo_idx    0x008001c5        0x1 acrobot_compiler_testing.o
                0x008001c5                lo_idx
 .bss.up_oldest
                0x008001c6        0x1 acrobot_compiler_testing.o
                0x008001c6                up_oldest
 .bss.up_idx    0x008001c7        0x1 acrobot_compiler_testing.o
                0x008001c7                up_idx
 .bss.lower_period
                0x008001c8       0x10 acrobot_compiler_testing.o
                0x008001c8                lower_period
 .bss.upper_period
                0x008001d8       0x10 acrobot_compiler_testing.o
                0x008001d8                upper_period
 .bss.lower     0x008001e8       0x10 acrobot_compiler_testing.o
                0x008001e8                lower
 .bss.upper     0x008001f8       0x10 acrobot_compiler_testing.o
                0x008001f8                upper
 *(COMMON)
 COMMON         0x00800208       0x5e acrobot_compiler_testing.o
                0x00800208                rxbuf
                0x00800210                kd
                0x00800214                outMax
                0x00800218                outMin
                0x0080021c                printable
                0x0080021d                cmdHigh
                0x0080021e                PTerm
                0x00800222                rxbuf0
                0x0080022a                cmdLow
                0x0080022b                dInput
                0x0080022f                lastInput
                0x00800233                myInput
                0x00800237                controllerDirection
                0x00800239                up_target
                0x0080023b                mySetpoint
                0x0080023f                ki
                0x00800243                lo_target
                0x00800245                lastTime
                0x00800249                dispKi
                0x0080024d                myOutput
                0x00800251                ITerm
                0x00800255                dispKp
                0x00800259                kp
                0x0080025d                inAuto
                0x0080025e                SampleTime
                0x00800262                dispKd
 COMMON         0x00800266        0xe mpu6050/mpu6050.o
                0x00800266                buffer
 COMMON         0x00800274        0x6 c:/program files (x86)/atmel/studio/7.0/toolchain/avr8/avr8-gnu-toolchain/bin/../lib/gcc/avr/4.9.2/../../../../avr/lib/avr51\libc.a(iob.o)
                0x00800274                __iob
                0x0080027a                PROVIDE (__bss_end, .)
                0x0000244e                __data_load_start = LOADADDR (.data)
                0x000024ec                __data_load_end = (__data_load_start + SIZEOF (.data))

.noinit         0x0080027a        0x0
                [!provide]                PROVIDE (__noinit_start, .)
 *(.noinit*)
                [!provide]                PROVIDE (__noinit_end, .)
                0x0080027a                _end = .
                [!provide]                PROVIDE (__heap_start, .)

.eeprom         0x00810000        0x0
 *(.eeprom*)
                0x00810000                __eeprom_end = .

.fuse
 *(.fuse)
 *(.lfuse)
 *(.hfuse)
 *(.efuse)

.lock
 *(.lock*)

.signature
 *(.signature*)

.user_signatures
 *(.user_signatures*)

.stab
 *(.stab)

.stabstr
 *(.stabstr)

.stab.excl
 *(.stab.excl)

.stab.exclstr
 *(.stab.exclstr)

.stab.index
 *(.stab.index)

.stab.indexstr
 *(.stab.indexstr)

.comment        0x00000000       0x5c
 *(.comment)
 .comment       0x00000000       0x30 acrobot_compiler_testing.o
                                 0x31 (size before relaxing)
 .comment       0x00000030       0x31 PID_v1.o
 .comment       0x00000030       0x31 i2chw/twimastertimeout.o
 .comment       0x00000030       0x31 mpu6050/mpu6050.o
 .comment       0x00000030       0x2c c:/program files (x86)/atmel/studio/7.0/toolchain/avr8/avr8-gnu-toolchain/bin/../lib/gcc/avr/4.9.2/../../../../avr/lib/avr51\libprintf_flt.a(vfprintf_flt.o)
                                 0x2d (size before relaxing)
 .comment       0x0000005c       0x31 c:/program files (x86)/atmel/studio/7.0/toolchain/avr8/avr8-gnu-toolchain/bin/../lib/gcc/avr/4.9.2/../../../../avr/lib/avr51\libc.a(fputc.o)
 .comment       0x0000005c       0x31 c:/program files (x86)/atmel/studio/7.0/toolchain/avr8/avr8-gnu-toolchain/bin/../lib/gcc/avr/4.9.2/../../../../avr/lib/avr51\libc.a(iob.o)
 .comment       0x0000005c       0x31 c:/program files (x86)/atmel/studio/7.0/toolchain/avr8/avr8-gnu-toolchain/bin/../lib/gcc/avr/4.9.2/../../../../avr/lib/avr51\libc.a(printf.o)
 .comment       0x0000005c       0x31 c:/program files (x86)/atmel/studio/7.0/toolchain/avr8/avr8-gnu-toolchain/bin/../lib/gcc/avr/4.9.2/../../../../avr/lib/avr51\libc.a(puts.o)

.note.gnu.avr.deviceinfo
                0x00000000       0x3c
 .note.gnu.avr.deviceinfo
                0x00000000       0x3c C:/Program Files (x86)/Atmel/Studio/7.0/Packs/atmel/ATmega_DFP/1.0.106/gcc/dev/atmega128/avr51/crtatmega128.o

.note.gnu.build-id
 *(.note.gnu.build-id)

.debug
 *(.debug)

.line
 *(.line)

.debug_srcinfo
 *(.debug_srcinfo)

.debug_sfnames
 *(.debug_sfnames)

.debug_aranges  0x00000000      0x268
 *(.debug_aranges)
 .debug_aranges
                0x00000000      0x108 acrobot_compiler_testing.o
 .debug_aranges
                0x00000108       0x80 PID_v1.o
 .debug_aranges
                0x00000188       0x58 i2chw/twimastertimeout.o
 .debug_aranges
                0x000001e0       0x88 mpu6050/mpu6050.o

.debug_pubnames
 *(.debug_pubnames)

.debug_info     0x00000000     0x2356
 *(.debug_info .gnu.linkonce.wi.*)
 .debug_info    0x00000000     0x11bf acrobot_compiler_testing.o
 .debug_info    0x000011bf      0x519 PID_v1.o
 .debug_info    0x000016d8      0x231 i2chw/twimastertimeout.o
 .debug_info    0x00001909      0xa4d mpu6050/mpu6050.o

.debug_abbrev   0x00000000      0xa46
 *(.debug_abbrev)
 .debug_abbrev  0x00000000      0x471 acrobot_compiler_testing.o
 .debug_abbrev  0x00000471      0x1e1 PID_v1.o
 .debug_abbrev  0x00000652      0x102 i2chw/twimastertimeout.o
 .debug_abbrev  0x00000754      0x2f2 mpu6050/mpu6050.o

.debug_line     0x00000000     0x1d86
 *(.debug_line .debug_line.* .debug_line_end)
 .debug_line    0x00000000      0xc16 acrobot_compiler_testing.o
 .debug_line    0x00000c16      0x524 PID_v1.o
 .debug_line    0x0000113a      0x5fd i2chw/twimastertimeout.o
 .debug_line    0x00001737      0x64f mpu6050/mpu6050.o

.debug_frame    0x00000000      0x9ac
 *(.debug_frame)
 .debug_frame   0x00000000      0x45c acrobot_compiler_testing.o
 .debug_frame   0x0000045c      0x234 PID_v1.o
 .debug_frame   0x00000690       0xa4 i2chw/twimastertimeout.o
 .debug_frame   0x00000734      0x278 mpu6050/mpu6050.o

.debug_str      0x00000000     0xd7b5
 *(.debug_str)
 .debug_str     0x00000000     0xa8d4 acrobot_compiler_testing.o
                               0xaa3e (size before relaxing)
 .debug_str     0x0000a8d4      0x117 PID_v1.o
                               0x77ba (size before relaxing)
 .debug_str     0x0000a9eb      0x401 i2chw/twimastertimeout.o
                               0x7077 (size before relaxing)
 .debug_str     0x0000adec     0x29c9 mpu6050/mpu6050.o
                               0xc924 (size before relaxing)

.debug_loc      0x00000000     0x263a
 *(.debug_loc)
 .debug_loc     0x00000000      0xd79 acrobot_compiler_testing.o
 .debug_loc     0x00000d79      0x822 PID_v1.o
 .debug_loc     0x0000159b      0x327 i2chw/twimastertimeout.o
 .debug_loc     0x000018c2      0xd78 mpu6050/mpu6050.o

.debug_macinfo
 *(.debug_macinfo)

.debug_weaknames
 *(.debug_weaknames)

.debug_funcnames
 *(.debug_funcnames)

.debug_typenames
 *(.debug_typenames)

.debug_varnames
 *(.debug_varnames)

.debug_pubtypes
 *(.debug_pubtypes)

.debug_ranges   0x00000000      0x240
 *(.debug_ranges)
 .debug_ranges  0x00000000      0x110 acrobot_compiler_testing.o
 .debug_ranges  0x00000110       0x70 PID_v1.o
 .debug_ranges  0x00000180       0x48 i2chw/twimastertimeout.o
 .debug_ranges  0x000001c8       0x78 mpu6050/mpu6050.o

.debug_macro    0x00000000     0x40dc
 *(.debug_macro)
 .debug_macro   0x00000000      0x1aa acrobot_compiler_testing.o
 .debug_macro   0x000001aa      0xa66 acrobot_compiler_testing.o
 .debug_macro   0x00000c10      0x1c9 acrobot_compiler_testing.o
 .debug_macro   0x00000dd9       0x22 acrobot_compiler_testing.o
 .debug_macro   0x00000dfb       0x10 acrobot_compiler_testing.o
 .debug_macro   0x00000e0b      0x302 acrobot_compiler_testing.o
 .debug_macro   0x0000110d       0x9e acrobot_compiler_testing.o
 .debug_macro   0x000011ab     0x14c5 acrobot_compiler_testing.o
 .debug_macro   0x00002670      0x203 acrobot_compiler_testing.o
 .debug_macro   0x00002873       0xcb acrobot_compiler_testing.o
 .debug_macro   0x0000293e       0x34 acrobot_compiler_testing.o
 .debug_macro   0x00002972       0x18 acrobot_compiler_testing.o
 .debug_macro   0x0000298a       0x6c acrobot_compiler_testing.o
 .debug_macro   0x000029f6       0x69 acrobot_compiler_testing.o
 .debug_macro   0x00002a5f       0x1c acrobot_compiler_testing.o
 .debug_macro   0x00002a7b      0x10e acrobot_compiler_testing.o
 .debug_macro   0x00002b89       0x66 acrobot_compiler_testing.o
 .debug_macro   0x00002bef       0x16 acrobot_compiler_testing.o
 .debug_macro   0x00002c05      0x160 acrobot_compiler_testing.o
 .debug_macro   0x00002d65       0x58 acrobot_compiler_testing.o
 .debug_macro   0x00002dbd       0x10 acrobot_compiler_testing.o
 .debug_macro   0x00002dcd       0x20 acrobot_compiler_testing.o
 .debug_macro   0x00002ded       0xf2 acrobot_compiler_testing.o
 .debug_macro   0x00002edf      0x81a acrobot_compiler_testing.o
 .debug_macro   0x000036f9       0xb2 acrobot_compiler_testing.o
 .debug_macro   0x000037ab       0x10 acrobot_compiler_testing.o
 .debug_macro   0x000037bb       0x10 acrobot_compiler_testing.o
 .debug_macro   0x000037cb       0x1c acrobot_compiler_testing.o
 .debug_macro   0x000037e7       0xe5 PID_v1.o
 .debug_macro   0x000038cc       0xb6 i2chw/twimastertimeout.o
 .debug_macro   0x00003982      0x2fc i2chw/twimastertimeout.o
 .debug_macro   0x00003c7e       0xaa i2chw/twimastertimeout.o
 .debug_macro   0x00003d28       0xd7 i2chw/twimastertimeout.o
 .debug_macro   0x00003dff       0x1d i2chw/twimastertimeout.o
 .debug_macro   0x00003e1c      0x113 mpu6050/mpu6050.o
 .debug_macro   0x00003f2f       0x16 mpu6050/mpu6050.o
 .debug_macro   0x00003f45       0x10 mpu6050/mpu6050.o
 .debug_macro   0x00003f55       0x12 mpu6050/mpu6050.o
 .debug_macro   0x00003f67      0x175 mpu6050/mpu6050.o
OUTPUT(acrobot_compiler_testing.elf elf32-avr)
LOAD linker stubs
